<html>
<body>
<pre>
<h1>µVision Build Log</h1>
<h2>Project:</h2>
C:\Keil\ARM\Examples\ST\Project\T2_VCP_Demo\MDK-ARM\Project.uvproj
Project File Date:  01/14/2014

<h2>Output:</h2>
Rebuild target 'TERMINUS2'
compiling main.c...
..\main.c(632): warning:  #550-D: variable "LedToggle" was set but never used
    int LedToggle = 0;
..\main.c(633): warning:  #177-D: variable "OnTick" was declared but never referenced
    int Tick, OnTick;
..\main.c(1236): warning:  #111-D: statement is unreachable
    return;
..\main.c(229): warning:  #177-D: variable "UartModem" was declared but never referenced
  static UART *UartModem = Uart6;
..\main.c: 4 warnings, 0 errors
compiling stm32fxxx_it.c...
compiling misc.c...
compiling stm32f2xx_adc.c...
compiling stm32f2xx_can.c...
compiling stm32f2xx_crc.c...
compiling stm32f2xx_cryp.c...
compiling stm32f2xx_cryp_aes.c...
compiling stm32f2xx_cryp_des.c...
compiling stm32f2xx_cryp_tdes.c...
compiling stm32f2xx_dac.c...
compiling stm32f2xx_dbgmcu.c...
compiling stm32f2xx_dcmi.c...
compiling stm32f2xx_dma.c...
compiling stm32f2xx_exti.c...
compiling stm32f2xx_flash.c...
compiling stm32f2xx_fsmc.c...
compiling stm32f2xx_gpio.c...
compiling stm32f2xx_hash.c...
compiling stm32f2xx_hash_md5.c...
compiling stm32f2xx_hash_sha1.c...
compiling stm32f2xx_i2c.c...
compiling stm32f2xx_iwdg.c...
compiling stm32f2xx_pwr.c...
compiling stm32f2xx_rcc.c...
compiling stm32f2xx_rng.c...
compiling stm32f2xx_rtc.c...
compiling stm32f2xx_sdio.c...
compiling stm32f2xx_spi.c...
compiling stm32f2xx_syscfg.c...
compiling stm32f2xx_tim.c...
compiling stm32f2xx_usart.c...
compiling stm32f2xx_wwdg.c...
compiling system_stm32f2xx.c...
assembling startup_stm32f2xx.s...
compiling usb_bsp.c...
compiling usb_core.c...
compiling usb_dcd.c...
compiling usb_dcd_int.c...
compiling usbd_core.c...
compiling usbd_desc.c...
compiling usbd_ioreq.c...
compiling usbd_req.c...
compiling usbd_usr.c...
compiling usbd_cdc_vcp.c...
compiling usbd_cdc_core.c...
compiling janus_t2.c...
linking...
Program Size: Code=12552 RO-data=504 RW-data=424 ZI-data=8176  
FromELF: creating hex file...
After Build - User command #1: ..\T2APPACK TERMINUS2\T2_VCP_Demo.HEX
02 Addr:0000 Type:04 Seg:00000000
:020000040802F0
Extended Linear 08020000
Basis : 08020000
04 Addr:0000 Type:05 Seg:08020000
:040000050802018963
00 Addr:0000 Type:01 Seg:08020000
:00000001FF
SP:20002198 PC:0802019D
SIG:DEADBEEF
T2APPACK Copyright (C) 2013 Janus Remote Communications
TERMINUS 2 Application Packaging Tool
Loading TERMINUS2\T2_VCP_Demo.HEX...
WARNING: Debug image identifier detected, suppressing
CRC32:89DD1998
Writing T2APPACK.BIN...
After Build - User command #2: AppPackRename.bat
C:\Keil\ARM\Examples\ST\Project\T2_VCP_Demo\MDK-ARM>ren t2appack.bin T2_VCP_Demo.bin 
".\TERMINUS2\T2_VCP_Demo.axf" - 0 Error(s), 4 Warning(s).
