<html>
<body>
<pre>
<h1>µVision Build Log</h1>
<h2>Project:</h2>
C:\Keil\ARM\Examples\ST\Project\T2_Function_Demo\MDK-ARM\Project.uvproj
Project File Date:  05/27/2015

<h2>Output:</h2>
Rebuild target 'TERMINUS2'
compiling main.c...
compiling stm32f4xx_it.c...
compiling diskio.c...
compiling ff.c...
compiling stm32_t2.c...
compiling stm32_t2_sdio_sd.c...
compiling ccsbcs.c...
compiling RingBuffer.c...
compiling T2UART.c...
compiling Modem.c...
compiling ATC.c...
compiling T2Common.c...
compiling SDCard.c...
compiling T2GPIO.c...
compiling Network.c...
compiling SMS.c...
compiling Terminal.c...
compiling Socket.c...
compiling Demos.c...
compiling misc.c...
compiling stm32f4xx_adc.c...
compiling stm32f4xx_can.c...
compiling stm32f4xx_crc.c...
compiling stm32f4xx_cryp.c...
compiling stm32f4xx_cryp_aes.c...
compiling stm32f4xx_cryp_des.c...
compiling stm32f4xx_cryp_tdes.c...
compiling stm32f4xx_dac.c...
compiling stm32f4xx_dbgmcu.c...
compiling stm32f4xx_dcmi.c...
compiling stm32f4xx_dma.c...
compiling stm32f4xx_exti.c...
compiling stm32f4xx_flash.c...
compiling stm32f4xx_fsmc.c...
compiling stm32f4xx_gpio.c...
compiling stm32f4xx_hash.c...
compiling stm32f4xx_hash_md5.c...
compiling stm32f4xx_hash_sha1.c...
compiling stm32f4xx_i2c.c...
compiling stm32f4xx_iwdg.c...
compiling stm32f4xx_pwr.c...
compiling stm32f4xx_rcc.c...
compiling stm32f4xx_rng.c...
compiling stm32f4xx_rtc.c...
compiling stm32f4xx_sdio.c...
compiling stm32f4xx_spi.c...
compiling stm32f4xx_syscfg.c...
compiling stm32f4xx_tim.c...
compiling stm32f4xx_usart.c...
compiling stm32f4xx_wwdg.c...
compiling system_stm32f4xx.c...
assembling startup_stm32f40xx.s...
linking...
Program Size: Code=21128 RO-data=820 RW-data=100 ZI-data=10260  
FromELF: creating hex file...
After Build - User command #1: ..\T2APPACK TERMINUS2\TERMINUS2.HEX
02 Addr:0000 Type:04 Seg:00000000
:020000040802F0
Extended Linear 08020000
Basis : 08020000
04 Addr:0000 Type:05 Seg:08020000
:040000050802019557
00 Addr:0000 Type:01 Seg:08020000
:00000001FF
SP:20002878 PC:080201A9
SIG:08020207
T2APPACK Copyright (C) 2013 Janus Remote Communications
TERMINUS 2 Application Packaging Tool
Loading TERMINUS2\TERMINUS2.HEX...
CRC32:28540E5C
Writing T2APPACK.BIN...
After Build - User command #2: AppPackRename.bat
C:\Keil\ARM\Examples\ST\Project\T2_Function_Demo\MDK-ARM>del T2_Function_Demo.bin 
Could Not Find C:\Keil\ARM\Examples\ST\Project\T2_Function_Demo\MDK-ARM\T2_Function_Demo.bin
C:\Keil\ARM\Examples\ST\Project\T2_Function_Demo\MDK-ARM>ren t2appack.bin T2_Function_Demo.bin 
".\TERMINUS2\TERMINUS2.axf" - 0 Error(s), 0 Warning(s).
