ARM Linker, 5.03 [Build 76] [MDK-ARM Lite]

==============================================================================

Section Cross References

    main.o(i.NVIC_Configuration) refers to misc.o(i.NVIC_SetVectorTable) for NVIC_SetVectorTable
    main.o(i.NVIC_Configuration) refers to misc.o(i.NVIC_PriorityGroupConfig) for NVIC_PriorityGroupConfig
    main.o(i.NVIC_Configuration) refers to misc.o(i.NVIC_Init) for NVIC_Init
    main.o(i.NVIC_Configuration) refers to startup_stm32f40xx.o(RESET) for __Vectors
    main.o(i.NVIC_Configuration) refers to main.o(.data) for .data
    main.o(i.PeriodicUART) refers to t2uart.o(i.Uart_FillTx) for Uart_FillTx
    main.o(i.PeriodicUART) refers to t2uart.o(i.Uart_Throttle) for Uart_Throttle
    main.o(i.PeriodicUART) refers to modem.o(i.Modem_ReadGSMLED) for Modem_ReadGSMLED
    main.o(i.PeriodicUART) refers to modem.o(i.Modem_ReadPwrMon) for Modem_ReadPwrMon
    main.o(i.PeriodicUART) refers to t2gpio.o(i.WriteLED) for WriteLED
    main.o(i.PeriodicUART) refers to modem.o(i.Modem_ReadDCD) for Modem_ReadDCD
    main.o(i.PeriodicUART) refers to t2uart.o(i.Uart_EmptyRx) for Uart_EmptyRx
    main.o(i.PeriodicUART) refers to main.o(.bss) for .bss
    main.o(i.PeriodicUART) refers to main.o(.data) for .data
    main.o(i.SimpleForwardingLoop) refers to printf8.o(i.__0printf$8) for __2printf
    main.o(i.SimpleForwardingLoop) refers to t2common.o(i.Sleep) for Sleep
    main.o(i.SimpleForwardingLoop) refers to ringbuffer.o(i.Fifo_Used) for Fifo_Used
    main.o(i.SimpleForwardingLoop) refers to t2uart.o(i.Uart_ForwardFullDuplex) for Uart_ForwardFullDuplex
    main.o(i.SimpleForwardingLoop) refers to main.o(.data) for .data
    main.o(i.Terminus_Init) refers to memseta.o(.text) for __aeabi_memclr4
    main.o(i.Terminus_Init) refers to ringbuffer.o(i.Fifo_Flush) for Fifo_Flush
    main.o(i.Terminus_Init) refers to atc.o(i.SendAT) for SendAT
    main.o(i.Terminus_Init) refers to printf8.o(i.__0fprintf$8) for __2fprintf
    main.o(i.Terminus_Init) refers to atc.o(i.SendATStr) for SendATStr
    main.o(i.Terminus_Init) refers to strncmp.o(.text) for strncmp
    main.o(i.Terminus_Init) refers to printf8.o(i.__0printf$8) for __2printf
    main.o(i.Terminus_Init) refers to modem.o(i.Modem_WaitForSIMReady) for Modem_WaitForSIMReady
    main.o(i.Terminus_Init) refers to modem.o(i.Modem_GetPhoneNum) for Modem_GetPhoneNum
    main.o(i.Terminus_Init) refers to strcpy.o(.text) for strcpy
    main.o(i.Terminus_Init) refers to main.o(.bss) for .bss
    main.o(i.UART_Initialization) refers to t2uart.o(i.Uart_Open) for Uart_Open
    main.o(i.UART_Initialization) refers to main.o(.bss) for .bss
    main.o(i.__outchar) refers to t2common.o(i.Sleep) for Sleep
    main.o(i.__outchar) refers to ringbuffer.o(i.Fifo_Insert) for Fifo_Insert
    main.o(i.__outchar) refers to main.o(.data) for .data
    main.o(i._ttywrch) refers to main.o(i.__outchar) for __outchar
    main.o(i._ttywrch) refers to main.o(.data) for .data
    main.o(i.fgetc) refers to t2common.o(i.Sleep) for Sleep
    main.o(i.fgetc) refers to ringbuffer.o(i.Fifo_Extract) for Fifo_Extract
    main.o(i.fgetc) refers to main.o(.data) for .data
    main.o(i.fputc) refers to main.o(i.__outchar) for __outchar
    main.o(i.fputc) refers to main.o(.data) for .data
    main.o(i.main) refers to main.o(i.UART_Initialization) for UART_Initialization
    main.o(i.main) refers to main.o(i.NVIC_Configuration) for NVIC_Configuration
    main.o(i.main) refers to t2common.o(i.EnableTiming) for EnableTiming
    main.o(i.main) refers to stm32f4xx_rcc.o(i.RCC_GetClocksFreq) for RCC_GetClocksFreq
    main.o(i.main) refers to main.o(i.NVIC_SetPriority) for NVIC_SetPriority
    main.o(i.main) refers to t2gpio.o(i.GPIO_Configuration) for GPIO_Configuration
    main.o(i.main) refers to t2uart.o(i.USART3_Configuration) for USART3_Configuration
    main.o(i.main) refers to t2uart.o(i.USART6_Configuration) for USART6_Configuration
    main.o(i.main) refers to t2uart.o(i.Uart_Enable) for Uart_Enable
    main.o(i.main) refers to printf8.o(i.__0printf$8) for __2printf
    main.o(i.main) refers to terminal.o(i.TerminalMode) for TerminalMode
    main.o(i.main) refers to modem.o(i.Modem_TurnOn) for Modem_TurnOn
    main.o(i.main) refers to modem.o(i.Modem_WaitForPowerUp) for Modem_WaitForPowerUp
    main.o(i.main) refers to main.o(i.Terminus_Init) for Terminus_Init
    main.o(i.main) refers to network.o(i.Network_WaitForCellReg) for Network_WaitForCellReg
    main.o(i.main) refers to network.o(i.Network_WaitForDataReg) for Network_WaitForDataReg
    main.o(i.main) refers to network.o(i.Network_GetSignalQuality) for Network_GetSignalQuality
    main.o(i.main) refers to strncmp.o(.text) for strncmp
    main.o(i.main) refers to network.o(i.Network_GetNetworkName) for Network_GetNetworkName
    main.o(i.main) refers to printf8.o(i.__0fprintf$8) for __2fprintf
[...]
    ../clib/microlib/longlong.c              0x00000000   Number         0  llshl.o ABSOLUTE
    ../clib/microlib/longlong.c              0x00000000   Number         0  llushr.o ABSOLUTE
    ../clib/microlib/printf/printf.c         0x00000000   Number         0  printfa.o ABSOLUTE
    ../clib/microlib/printf/printf.c         0x00000000   Number         0  printf3.o ABSOLUTE
    ../clib/microlib/printf/printf.c         0x00000000   Number         0  printfb.o ABSOLUTE
    ../clib/microlib/printf/printf.c         0x00000000   Number         0  printf0.o ABSOLUTE
    ../clib/microlib/printf/printf.c         0x00000000   Number         0  printf1.o ABSOLUTE
    ../clib/microlib/printf/printf.c         0x00000000   Number         0  printf2.o ABSOLUTE
    ../clib/microlib/printf/printf.c         0x00000000   Number         0  printf8.o ABSOLUTE
    ../clib/microlib/printf/printf.c         0x00000000   Number         0  printf4.o ABSOLUTE
    ../clib/microlib/printf/printf.c         0x00000000   Number         0  printf5.o ABSOLUTE
    ../clib/microlib/printf/printf.c         0x00000000   Number         0  printf6.o ABSOLUTE
    ../clib/microlib/printf/printf.c         0x00000000   Number         0  printf7.o ABSOLUTE
    ../clib/microlib/printf/stubs.s          0x00000000   Number         0  stubs.o ABSOLUTE
    ../clib/microlib/stdio/putc.c            0x00000000   Number         0  putc.o ABSOLUTE
    ../clib/microlib/stdio/puts.c            0x00000000   Number         0  puts_e.o ABSOLUTE
    ../clib/microlib/stdio/puts.c            0x00000000   Number         0  puts.o ABSOLUTE
    ../clib/microlib/string/memcpy.c         0x00000000   Number         0  memcpya.o ABSOLUTE
    ../clib/microlib/string/memcpy.c         0x00000000   Number         0  memcpyb.o ABSOLUTE
    ../clib/microlib/string/memset.c         0x00000000   Number         0  memseta.o ABSOLUTE
    ../clib/microlib/string/strcpy.c         0x00000000   Number         0  strcpy.o ABSOLUTE
    ../clib/microlib/string/strlen.c         0x00000000   Number         0  strlen.o ABSOLUTE
    ../clib/microlib/string/strncmp.c        0x00000000   Number         0  strncmp.o ABSOLUTE
    ../clib/microlib/string/strstr.c         0x00000000   Number         0  strstr.o ABSOLUTE
    ../clib/microlib/stubs.s                 0x00000000   Number         0  iusefp.o ABSOLUTE
    ../clib/microlib/stubs.s                 0x00000000   Number         0  useno.o ABSOLUTE
    ../clib/scanf.c                          0x00000000   Number         0  _scanf.o ABSOLUTE
    ../clib/scanf.c                          0x00000000   Number         0  _sgetc.o ABSOLUTE
    ../clib/scanf.c                          0x00000000   Number         0  scanf_char.o ABSOLUTE
    ../clib/scanf.c                          0x00000000   Number         0  _chval.o ABSOLUTE
    ../clib/scanf.c                          0x00000000   Number         0  __0sscanf.o ABSOLUTE
    ../clib/scanf.c                          0x00000000   Number         0  _scanf_int.o ABSOLUTE
    ../clib/scanf.c                          0x00000000   Number         0  _scanf_str.o ABSOLUTE
    ../fplib/microlib/fpadd.c                0x00000000   Number         0  dadd.o ABSOLUTE
    ../fplib/microlib/fpdiv.c                0x00000000   Number         0  ddiv.o ABSOLUTE
    ../fplib/microlib/fpepilogue.c           0x00000000   Number         0  depilogue.o ABSOLUTE
    ../fplib/microlib/fpfix.c                0x00000000   Number         0  dfixul.o ABSOLUTE
    ../fplib/microlib/fpmul.c                0x00000000   Number         0  dmul.o ABSOLUTE
    ..\..\..\Libraries\STM32F4xx_StdPeriph_Driver\src\misc.c 0x00000000   Number         0  misc.o ABSOLUTE
    ..\..\..\Libraries\STM32F4xx_StdPeriph_Driver\src\stm32f4xx_adc.c 0x00000000   Number         0  stm32f4xx_adc.o ABSOLUTE
    ..\..\..\Libraries\STM32F4xx_StdPeriph_Driver\src\stm32f4xx_can.c 0x00000000   Number         0  stm32f4xx_can.o ABSOLUTE
    ..\..\..\Libraries\STM32F4xx_StdPeriph_Driver\src\stm32f4xx_crc.c 0x00000000   Number         0  stm32f4xx_crc.o ABSOLUTE
    ..\..\..\Libraries\STM32F4xx_StdPeriph_Driver\src\stm32f4xx_cryp.c 0x00000000   Number         0  stm32f4xx_cryp.o ABSOLUTE
    ..\..\..\Libraries\STM32F4xx_StdPeriph_Driver\src\stm32f4xx_cryp_aes.c 0x00000000   Number         0  stm32f4xx_cryp_aes.o ABSOLUTE
    ..\..\..\Libraries\STM32F4xx_StdPeriph_Driver\src\stm32f4xx_cryp_des.c 0x00000000   Number         0  stm32f4xx_cryp_des.o ABSOLUTE
    ..\..\..\Libraries\STM32F4xx_StdPeriph_Driver\src\stm32f4xx_cryp_tdes.c 0x00000000   Number         0  stm32f4xx_cryp_tdes.o ABSOLUTE
    ..\..\..\Libraries\STM32F4xx_StdPeriph_Driver\src\stm32f4xx_dac.c 0x00000000   Number         0  stm32f4xx_dac.o ABSOLUTE
    ..\..\..\Libraries\STM32F4xx_StdPeriph_Driver\src\stm32f4xx_dbgmcu.c 0x00000000   Number         0  stm32f4xx_dbgmcu.o ABSOLUTE
    ..\..\..\Libraries\STM32F4xx_StdPeriph_Driver\src\stm32f4xx_dcmi.c 0x00000000   Number         0  stm32f4xx_dcmi.o ABSOLUTE
    ..\..\..\Libraries\STM32F4xx_StdPeriph_Driver\src\stm32f4xx_dma.c 0x00000000   Number         0  stm32f4xx_dma.o ABSOLUTE
    ..\..\..\Libraries\STM32F4xx_StdPeriph_Driver\src\stm32f4xx_exti.c 0x00000000   Number         0  stm32f4xx_exti.o ABSOLUTE
    ..\..\..\Libraries\STM32F4xx_StdPeriph_Driver\src\stm32f4xx_flash.c 0x00000000   Number         0  stm32f4xx_flash.o ABSOLUTE
    ..\..\..\Libraries\STM32F4xx_StdPeriph_Driver\src\stm32f4xx_fsmc.c 0x00000000   Number         0  stm32f4xx_fsmc.o ABSOLUTE
    ..\..\..\Libraries\STM32F4xx_StdPeriph_Driver\src\stm32f4xx_gpio.c 0x00000000   Number         0  stm32f4xx_gpio.o ABSOLUTE
    ..\..\..\Libraries\STM32F4xx_StdPeriph_Driver\src\stm32f4xx_hash.c 0x00000000   Number         0  stm32f4xx_hash.o ABSOLUTE
    ..\..\..\Libraries\STM32F4xx_StdPeriph_Driver\src\stm32f4xx_hash_md5.c 0x00000000   Number         0  stm32f4xx_hash_md5.o ABSOLUTE
    ..\..\..\Libraries\STM32F4xx_StdPeriph_Driver\src\stm32f4xx_hash_sha1.c 0x00000000   Number         0  stm32f4xx_hash_sha1.o ABSOLUTE
    ..\..\..\Libraries\STM32F4xx_StdPeriph_Driver\src\stm32f4xx_i2c.c 0x00000000   Number         0  stm32f4xx_i2c.o ABSOLUTE
    ..\..\..\Libraries\STM32F4xx_StdPeriph_Driver\src\stm32f4xx_iwdg.c 0x00000000   Number         0  stm32f4xx_iwdg.o ABSOLUTE
    ..\..\..\Libraries\STM32F4xx_StdPeriph_Driver\src\stm32f4xx_pwr.c 0x00000000   Number         0  stm32f4xx_pwr.o ABSOLUTE
    ..\..\..\Libraries\STM32F4xx_StdPeriph_Driver\src\stm32f4xx_rcc.c 0x00000000   Number         0  stm32f4xx_rcc.o ABSOLUTE
    ..\..\..\Libraries\STM32F4xx_StdPeriph_Driver\src\stm32f4xx_rng.c 0x00000000   Number         0  stm32f4xx_rng.o ABSOLUTE
    ..\..\..\Libraries\STM32F4xx_StdPeriph_Driver\src\stm32f4xx_rtc.c 0x00000000   Number         0  stm32f4xx_rtc.o ABSOLUTE
    ..\..\..\Libraries\STM32F4xx_StdPeriph_Driver\src\stm32f4xx_sdio.c 0x00000000   Number         0  stm32f4xx_sdio.o ABSOLUTE
    ..\..\..\Libraries\STM32F4xx_StdPeriph_Driver\src\stm32f4xx_spi.c 0x00000000   Number         0  stm32f4xx_spi.o ABSOLUTE
    ..\..\..\Libraries\STM32F4xx_StdPeriph_Driver\src\stm32f4xx_syscfg.c 0x00000000   Number         0  stm32f4xx_syscfg.o ABSOLUTE
    ..\..\..\Libraries\STM32F4xx_StdPeriph_Driver\src\stm32f4xx_tim.c 0x00000000   Number         0  stm32f4xx_tim.o ABSOLUTE
    ..\..\..\Libraries\STM32F4xx_StdPeriph_Driver\src\stm32f4xx_usart.c 0x00000000   Number         0  stm32f4xx_usart.o ABSOLUTE
    ..\..\..\Libraries\STM32F4xx_StdPeriph_Driver\src\stm32f4xx_wwdg.c 0x00000000   Number         0  stm32f4xx_wwdg.o ABSOLUTE
    ..\ATC.c                                 0x00000000   Number         0  atc.o ABSOLUTE
    ..\Demos.c                               0x00000000   Number         0  demos.o ABSOLUTE
    ..\Modem.c                               0x00000000   Number         0  modem.o ABSOLUTE
    ..\Network.c                             0x00000000   Number         0  network.o ABSOLUTE
    ..\RingBuffer.c                          0x00000000   Number         0  ringbuffer.o ABSOLUTE
    ..\SDCard.c                              0x00000000   Number         0  sdcard.o ABSOLUTE
    ..\SMS.c                                 0x00000000   Number         0  sms.o ABSOLUTE
    ..\Socket.c                              0x00000000   Number         0  socket.o ABSOLUTE
    ..\T2Common.c                            0x00000000   Number         0  t2common.o ABSOLUTE
    ..\T2GPIO.c                              0x00000000   Number         0  t2gpio.o ABSOLUTE
    ..\T2UART.c                              0x00000000   Number         0  t2uart.o ABSOLUTE
    ..\Terminal.c                            0x00000000   Number         0  terminal.o ABSOLUTE
    ..\\..\\..\\Libraries\\STM32F4xx_StdPeriph_Driver\\src\\misc.c 0x00000000   Number         0  misc.o ABSOLUTE
    ..\\..\\..\\Libraries\\STM32F4xx_StdPeriph_Driver\\src\\stm32f4xx_adc.c 0x00000000   Number         0  stm32f4xx_adc.o ABSOLUTE
    ..\\..\\..\\Libraries\\STM32F4xx_StdPeriph_Driver\\src\\stm32f4xx_can.c 0x00000000   Number         0  stm32f4xx_can.o ABSOLUTE
    ..\\..\\..\\Libraries\\STM32F4xx_StdPeriph_Driver\\src\\stm32f4xx_crc.c 0x00000000   Number         0  stm32f4xx_crc.o ABSOLUTE
    ..\\..\\..\\Libraries\\STM32F4xx_StdPeriph_Driver\\src\\stm32f4xx_cryp.c 0x00000000   Number         0  stm32f4xx_cryp.o ABSOLUTE
    ..\\..\\..\\Libraries\\STM32F4xx_StdPeriph_Driver\\src\\stm32f4xx_cryp_aes.c 0x00000000   Number         0  stm32f4xx_cryp_aes.o ABSOLUTE
    ..\\..\\..\\Libraries\\STM32F4xx_StdPeriph_Driver\\src\\stm32f4xx_cryp_des.c 0x00000000   Number         0  stm32f4xx_cryp_des.o ABSOLUTE
    ..\\..\\..\\Libraries\\STM32F4xx_StdPeriph_Driver\\src\\stm32f4xx_cryp_tdes.c 0x00000000   Number         0  stm32f4xx_cryp_tdes.o ABSOLUTE
    ..\\..\\..\\Libraries\\STM32F4xx_StdPeriph_Driver\\src\\stm32f4xx_dac.c 0x00000000   Number         0  stm32f4xx_dac.o ABSOLUTE
    ..\\..\\..\\Libraries\\STM32F4xx_StdPeriph_Driver\\src\\stm32f4xx_dbgmcu.c 0x00000000   Number         0  stm32f4xx_dbgmcu.o ABSOLUTE
    ..\\..\\..\\Libraries\\STM32F4xx_StdPeriph_Driver\\src\\stm32f4xx_dcmi.c 0x00000000   Number         0  stm32f4xx_dcmi.o ABSOLUTE
    ..\\..\\..\\Libraries\\STM32F4xx_StdPeriph_Driver\\src\\stm32f4xx_dma.c 0x00000000   Number         0  stm32f4xx_dma.o ABSOLUTE
    ..\\..\\..\\Libraries\\STM32F4xx_StdPeriph_Driver\\src\\stm32f4xx_exti.c 0x00000000   Number         0  stm32f4xx_exti.o ABSOLUTE
    ..\\..\\..\\Libraries\\STM32F4xx_StdPeriph_Driver\\src\\stm32f4xx_flash.c 0x00000000   Number         0  stm32f4xx_flash.o ABSOLUTE
    ..\\..\\..\\Libraries\\STM32F4xx_StdPeriph_Driver\\src\\stm32f4xx_fsmc.c 0x00000000   Number         0  stm32f4xx_fsmc.o ABSOLUTE
    ..\\..\\..\\Libraries\\STM32F4xx_StdPeriph_Driver\\src\\stm32f4xx_gpio.c 0x00000000   Number         0  stm32f4xx_gpio.o ABSOLUTE
    ..\\..\\..\\Libraries\\STM32F4xx_StdPeriph_Driver\\src\\stm32f4xx_hash.c 0x00000000   Number         0  stm32f4xx_hash.o ABSOLUTE
    ..\\..\\..\\Libraries\\STM32F4xx_StdPeriph_Driver\\src\\stm32f4xx_hash_md5.c 0x00000000   Number         0  stm32f4xx_hash_md5.o ABSOLUTE
    ..\\..\\..\\Libraries\\STM32F4xx_StdPeriph_Driver\\src\\stm32f4xx_hash_sha1.c 0x00000000   Number         0  stm32f4xx_hash_sha1.o ABSOLUTE
    ..\\..\\..\\Libraries\\STM32F4xx_StdPeriph_Driver\\src\\stm32f4xx_i2c.c 0x00000000   Number         0  stm32f4xx_i2c.o ABSOLUTE
    ..\\..\\..\\Libraries\\STM32F4xx_StdPeriph_Driver\\src\\stm32f4xx_iwdg.c 0x00000000   Number         0  stm32f4xx_iwdg.o ABSOLUTE
    ..\\..\\..\\Libraries\\STM32F4xx_StdPeriph_Driver\\src\\stm32f4xx_pwr.c 0x00000000   Number         0  stm32f4xx_pwr.o ABSOLUTE
    ..\\..\\..\\Libraries\\STM32F4xx_StdPeriph_Driver\\src\\stm32f4xx_rcc.c 0x00000000   Number         0  stm32f4xx_rcc.o ABSOLUTE
    ..\\..\\..\\Libraries\\STM32F4xx_StdPeriph_Driver\\src\\stm32f4xx_rng.c 0x00000000   Number         0  stm32f4xx_rng.o ABSOLUTE
    ..\\..\\..\\Libraries\\STM32F4xx_StdPeriph_Driver\\src\\stm32f4xx_rtc.c 0x00000000   Number         0  stm32f4xx_rtc.o ABSOLUTE
    ..\\..\\..\\Libraries\\STM32F4xx_StdPeriph_Driver\\src\\stm32f4xx_sdio.c 0x00000000   Number         0  stm32f4xx_sdio.o ABSOLUTE
    ..\\..\\..\\Libraries\\STM32F4xx_StdPeriph_Driver\\src\\stm32f4xx_spi.c 0x00000000   Number         0  stm32f4xx_spi.o ABSOLUTE
    ..\\..\\..\\Libraries\\STM32F4xx_StdPeriph_Driver\\src\\stm32f4xx_syscfg.c 0x00000000   Number         0  stm32f4xx_syscfg.o ABSOLUTE
    ..\\..\\..\\Libraries\\STM32F4xx_StdPeriph_Driver\\src\\stm32f4xx_tim.c 0x00000000   Number         0  stm32f4xx_tim.o ABSOLUTE
    ..\\..\\..\\Libraries\\STM32F4xx_StdPeriph_Driver\\src\\stm32f4xx_usart.c 0x00000000   Number         0  stm32f4xx_usart.o ABSOLUTE
    ..\\..\\..\\Libraries\\STM32F4xx_StdPeriph_Driver\\src\\stm32f4xx_wwdg.c 0x00000000   Number         0  stm32f4xx_wwdg.o ABSOLUTE
    ..\\ATC.c                                0x00000000   Number         0  atc.o ABSOLUTE
    ..\\Demos.c                              0x00000000   Number         0  demos.o ABSOLUTE
    ..\\Modem.c                              0x00000000   Number         0  modem.o ABSOLUTE
    ..\\Network.c                            0x00000000   Number         0  network.o ABSOLUTE
    ..\\SDCard.c                             0x00000000   Number         0  sdcard.o ABSOLUTE
    ..\\SMS.c                                0x00000000   Number         0  sms.o ABSOLUTE
    ..\\Socket.c                             0x00000000   Number         0  socket.o ABSOLUTE
    ..\\T2Common.c                           0x00000000   Number         0  t2common.o ABSOLUTE
    ..\\T2GPIO.c                             0x00000000   Number         0  t2gpio.o ABSOLUTE
    ..\\T2UART.c                             0x00000000   Number         0  t2uart.o ABSOLUTE
    ..\\Terminal.c                           0x00000000   Number         0  terminal.o ABSOLUTE
    ..\\diskio.c                             0x00000000   Number         0  diskio.o ABSOLUTE
    ..\\main.c                               0x00000000   Number         0  main.o ABSOLUTE
    ..\\stm32_t2.c                           0x00000000   Number         0  stm32_t2.o ABSOLUTE
    ..\\stm32_t2_sdio_sd.c                   0x00000000   Number         0  stm32_t2_sdio_sd.o ABSOLUTE
    ..\\stm32f4xx_it.c                       0x00000000   Number         0  stm32f4xx_it.o ABSOLUTE
    ..\\system_stm32f4xx.c                   0x00000000   Number         0  system_stm32f4xx.o ABSOLUTE
    ..\ccsbcs.c                              0x00000000   Number         0  ccsbcs.o ABSOLUTE
    ..\diskio.c                              0x00000000   Number         0  diskio.o ABSOLUTE
    ..\ff.c                                  0x00000000   Number         0  ff.o ABSOLUTE
    ..\main.c                                0x00000000   Number         0  main.o ABSOLUTE
    ..\startup_stm32f40xx.s                  0x00000000   Number         0  startup_stm32f40xx.o ABSOLUTE
    ..\stm32_t2.c                            0x00000000   Number         0  stm32_t2.o ABSOLUTE
    ..\stm32_t2_sdio_sd.c                    0x00000000   Number         0  stm32_t2_sdio_sd.o ABSOLUTE
    ..\stm32f4xx_it.c                        0x00000000   Number         0  stm32f4xx_it.o ABSOLUTE
    ..\system_stm32f4xx.c                    0x00000000   Number         0  system_stm32f4xx.o ABSOLUTE
    cdrcmple.s                               0x00000000   Number         0  cdrcmple.o ABSOLUTE
    dc.s                                     0x00000000   Number         0  dc.o ABSOLUTE
    handlers.s                               0x00000000   Number         0  handlers.o ABSOLUTE
    init.s                                   0x00000000   Number         0  init.o ABSOLUTE
    RESET                                    0x08020000   Section      404  startup_stm32f40xx.o(RESET)
    .ARM.Collect$$$$00000000                 0x08020194   Section        0  entry.o(.ARM.Collect$$$$00000000)
    .ARM.Collect$$$$00000001                 0x08020194   Section        4  entry2.o(.ARM.Collect$$$$00000001)
    .ARM.Collect$$$$00000004                 0x08020198   Section        4  entry5.o(.ARM.Collect$$$$00000004)
    .ARM.Collect$$$$00000008                 0x0802019c   Section        0  entry7b.o(.ARM.Collect$$$$00000008)
    .ARM.Collect$$$$0000000A                 0x0802019c   Section        0  entry8b.o(.ARM.Collect$$$$0000000A)
    .ARM.Collect$$$$0000000B                 0x0802019c   Section        8  entry9a.o(.ARM.Collect$$$$0000000B)
    .ARM.Collect$$$$0000000D                 0x080201a4   Section        0  entry10a.o(.ARM.Collect$$$$0000000D)
    .ARM.Collect$$$$0000000F                 0x080201a4   Section        0  entry11a.o(.ARM.Collect$$$$0000000F)
    .ARM.Collect$$$$00002712                 0x080201a4   Section        4  entry2.o(.ARM.Collect$$$$00002712)
    __lit__00000000                          0x080201a4   Data           4  entry2.o(.ARM.Collect$$$$00002712)
    .text                                    0x080201a8   Section      128  startup_stm32f40xx.o(.text)
    $v0                                      0x080201a8   Number         0  startup_stm32f40xx.o(.text)
    .text                                    0x08020228   Section        0  toupper.o(.text)
    .text                                    0x08020234   Section        0  memcpya.o(.text)
    .text                                    0x08020258   Section        0  memseta.o(.text)
    .text                                    0x0802027c   Section        0  strstr.o(.text)
    .text                                    0x080202a0   Section        0  strlen.o(.text)
    .text                                    0x080202ae   Section        0  strcpy.o(.text)
    .text                                    0x080202c0   Section        0  strncmp.o(.text)
    .text                                    0x080202e0   Section        0  __0sscanf.o(.text)
    .text                                    0x08020318   Section        0  _scanf_int.o(.text)
    .text                                    0x08020468   Section        0  _scanf_str.o(.text)
    .text                                    0x08020542   Section        0  uldiv.o(.text)
    .text                                    0x080205a4   Section        0  _chval.o(.text)
    .text                                    0x080205c0   Section        0  scanf_char.o(.text)
    _scanf_char_input                        0x080205c1   Thumb Code    12  scanf_char.o(.text)
    .text                                    0x080205e8   Section        0  _sgetc.o(.text)
    .text                                    0x08020628   Section       36  init.o(.text)
    .text                                    0x0802064c   Section        0  llshl.o(.text)
    .text                                    0x0802066a   Section        0  llushr.o(.text)
    .text                                    0x0802068a   Section        0  isspace_c.o(.text)
    .text                                    0x08020694   Section        0  _scanf.o(.text)
    .text                                    0x080209c0   Section        0  ctype_c.o(.text)
    i.BusFault_Handler                       0x080209e8   Section        0  stm32f4xx_it.o(i.BusFault_Handler)
    i.CmdResp1Error                          0x080209ec   Section        0  stm32_t2_sdio_sd.o(i.CmdResp1Error)
    CmdResp1Error                            0x080209ed   Thumb Code    32  stm32_t2_sdio_sd.o(i.CmdResp1Error)
    i.DebugMon_Handler                       0x08020a10   Section        0  stm32f4xx_it.o(i.DebugMon_Handler)
    i.EnableTiming                           0x08020a14   Section        0  t2common.o(i.EnableTiming)
    i.Fifo_Extract                           0x08020a58   Section        0  ringbuffer.o(i.Fifo_Extract)
    i.Fifo_Flush                             0x08020aa6   Section        0  ringbuffer.o(i.Fifo_Flush)
    i.Fifo_Forward                           0x08020aac   Section        0  ringbuffer.o(i.Fifo_Forward)
    i.Fifo_Free                              0x08020afe   Section        0  ringbuffer.o(i.Fifo_Free)
    i.Fifo_GetChar                           0x08020b0e   Section        0  ringbuffer.o(i.Fifo_GetChar)
    i.Fifo_Insert                            0x08020b34   Section        0  ringbuffer.o(i.Fifo_Insert)
    i.Fifo_Open                              0x08020b82   Section        0  ringbuffer.o(i.Fifo_Open)
    i.Fifo_ParseGenericLine                  0x08020ba0   Section        0  ringbuffer.o(i.Fifo_ParseGenericLine)
    i.Fifo_PeekChar                          0x08020c4c   Section        0  ringbuffer.o(i.Fifo_PeekChar)
    i.Fifo_Used                              0x08020c60   Section        0  ringbuffer.o(i.Fifo_Used)
    i.GPIO_Configuration                     0x08020c74   Section        0  t2gpio.o(i.GPIO_Configuration)
    i.GPIO_Init                              0x08020cf4   Section        0  stm32f4xx_gpio.o(i.GPIO_Init)
    i.GPIO_PinAFConfig                       0x08020d96   Section        0  stm32f4xx_gpio.o(i.GPIO_PinAFConfig)
    i.GPIO_ReadInputDataBit                  0x08020db6   Section        0  stm32f4xx_gpio.o(i.GPIO_ReadInputDataBit)
    i.GPIO_ResetBits                         0x08020dc4   Section        0  stm32f4xx_gpio.o(i.GPIO_ResetBits)
    i.GPIO_SetBits                           0x08020dc8   Section        0  stm32f4xx_gpio.o(i.GPIO_SetBits)
    i.MemManage_Handler                      0x08020dcc   Section        0  stm32f4xx_it.o(i.MemManage_Handler)
    i.ModemToFaultCode                       0x08020dd0   Section        0  atc.o(i.ModemToFaultCode)
    i.Modem_GetPhoneNum                      0x08020f48   Section        0  modem.o(i.Modem_GetPhoneNum)
    i.Modem_ReadDCD                          0x0802103c   Section        0  modem.o(i.Modem_ReadDCD)
    i.Modem_ReadGSMLED                       0x0802104a   Section        0  modem.o(i.Modem_ReadGSMLED)
    i.Modem_ReadOnOff                        0x08021058   Section        0  modem.o(i.Modem_ReadOnOff)
    i.Modem_ReadPwrMon                       0x08021066   Section        0  modem.o(i.Modem_ReadPwrMon)
    i.Modem_ReadReset                        0x08021074   Section        0  modem.o(i.Modem_ReadReset)
    i.Modem_Reset                            0x08021082   Section        0  modem.o(i.Modem_Reset)
    i.Modem_TurnOff                          0x080210a4   Section        0  modem.o(i.Modem_TurnOff)
    i.Modem_TurnOn                           0x080211f0   Section        0  modem.o(i.Modem_TurnOn)
    i.Modem_WaitForPowerUp                   0x0802135c   Section        0  modem.o(i.Modem_WaitForPowerUp)
    i.Modem_WaitForSIMReady                  0x0802138c   Section        0  modem.o(i.Modem_WaitForSIMReady)
    i.Modem_WriteOnOff                       0x0802140c   Section        0  modem.o(i.Modem_WriteOnOff)
    i.Modem_WriteRTS                         0x08021420   Section        0  modem.o(i.Modem_WriteRTS)
    i.Modem_WriteReset                       0x08021434   Section        0  modem.o(i.Modem_WriteReset)
    i.NMI_Handler                            0x08021448   Section        0  stm32f4xx_it.o(i.NMI_Handler)
    i.NVIC_Configuration                     0x0802144c   Section        0  main.o(i.NVIC_Configuration)
    i.NVIC_Init                              0x080214b4   Section        0  misc.o(i.NVIC_Init)
    i.NVIC_PriorityGroupConfig               0x08021518   Section        0  misc.o(i.NVIC_PriorityGroupConfig)
    i.NVIC_SetPriority                       0x0802152c   Section        0  main.o(i.NVIC_SetPriority)
    NVIC_SetPriority                         0x0802152d   Thumb Code    22  main.o(i.NVIC_SetPriority)
    i.NVIC_SetVectorTable                    0x0802154c   Section        0  misc.o(i.NVIC_SetVectorTable)
    i.Network_ActivateContext                0x08021560   Section        0  network.o(i.Network_ActivateContext)
    i.Network_CheckCellReg                   0x080215b4   Section        0  network.o(i.Network_CheckCellReg)
    i.Network_CheckDataReg                   0x08021648   Section        0  network.o(i.Network_CheckDataReg)
    i.Network_DeactivateContext              0x080216dc   Section        0  network.o(i.Network_DeactivateContext)
    i.Network_GetContext                     0x0802172c   Section        0  network.o(i.Network_GetContext)
    i.Network_GetNetworkName                 0x080217bc   Section        0  network.o(i.Network_GetNetworkName)
    i.Network_GetSignalQuality               0x0802181c   Section        0  network.o(i.Network_GetSignalQuality)
    i.Network_SetupContext                   0x08021890   Section        0  network.o(i.Network_SetupContext)
    i.Network_WaitForCellReg                 0x080218d8   Section        0  network.o(i.Network_WaitForCellReg)
    i.Network_WaitForDataReg                 0x0802191c   Section        0  network.o(i.Network_WaitForDataReg)
    i.PendSV_Handler                         0x08021960   Section        0  stm32f4xx_it.o(i.PendSV_Handler)
    i.PeriodicUART                           0x08021964   Section        0  main.o(i.PeriodicUART)
    i.ProbeModemResponse                     0x08021a20   Section        0  atc.o(i.ProbeModemResponse)
    i.RCC_AHB1PeriphClockCmd                 0x08021b08   Section        0  stm32f4xx_rcc.o(i.RCC_AHB1PeriphClockCmd)
    i.RCC_APB1PeriphClockCmd                 0x08021b20   Section        0  stm32f4xx_rcc.o(i.RCC_APB1PeriphClockCmd)
    i.RCC_APB2PeriphClockCmd                 0x08021b38   Section        0  stm32f4xx_rcc.o(i.RCC_APB2PeriphClockCmd)
    i.RCC_GetClocksFreq                      0x08021b50   Section        0  stm32f4xx_rcc.o(i.RCC_GetClocksFreq)
    i.ReceiveAT                              0x08021bd4   Section        0  atc.o(i.ReceiveAT)
    i.ReceiveATStr                           0x08021c4c   Section        0  atc.o(i.ReceiveATStr)
    i.ReceiveATStrML                         0x08021ce8   Section        0  atc.o(i.ReceiveATStrML)
    i.SDIO_ClearITPendingBit                 0x08021d64   Section        0  stm32f4xx_sdio.o(i.SDIO_ClearITPendingBit)
    i.SDIO_GetITStatus                       0x08021d70   Section        0  stm32f4xx_sdio.o(i.SDIO_GetITStatus)
    i.SDIO_IRQHandler                        0x08021d84   Section        0  stm32f4xx_it.o(i.SDIO_IRQHandler)
    i.SDIO_ITConfig                          0x08021d88   Section        0  stm32f4xx_sdio.o(i.SDIO_ITConfig)
    i.SD_ProcessIRQSrc                       0x08021da0   Section        0  stm32_t2_sdio_sd.o(i.SD_ProcessIRQSrc)
    i.SMS_CheckSMS                           0x08021dec   Section        0  sms.o(i.SMS_CheckSMS)
    i.SMS_DeleteOneSMS                       0x08021e6c   Section        0  sms.o(i.SMS_DeleteOneSMS)
    i.SMS_ProcessSMS                         0x08021e9c   Section        0  sms.o(i.SMS_ProcessSMS)
    i.SMS_SendSMS                            0x08021fdc   Section        0  sms.o(i.SMS_SendSMS)
    i.SMS_SetupSMS                           0x08022090   Section        0  sms.o(i.SMS_SetupSMS)
    i.SVC_Handler                            0x0802210c   Section        0  stm32f4xx_it.o(i.SVC_Handler)
    i.SendAT                                 0x0802210e   Section        0  atc.o(i.SendAT)
    i.SendATStr                              0x0802212e   Section        0  atc.o(i.SendATStr)
    i.SendATStrML                            0x08022152   Section        0  atc.o(i.SendATStrML)
    i.SetSysClock                            0x08022178   Section        0  system_stm32f4xx.o(i.SetSysClock)
    SetSysClock                              0x08022179   Thumb Code   176  system_stm32f4xx.o(i.SetSysClock)
    i.SimpleForwardingLoop                   0x08022240   Section        0  main.o(i.SimpleForwardingLoop)
    i.Sleep                                  0x080222b0   Section        0  t2common.o(i.Sleep)
    i.Socket_Accept                          0x080222c8   Section        0  socket.o(i.Socket_Accept)
    i.Socket_Dial                            0x080222f4   Section        0  socket.o(i.Socket_Dial)
    i.Socket_Listen                          0x08022354   Section        0  socket.o(i.Socket_Listen)
    i.Socket_Setup                           0x08022400   Section        0  socket.o(i.Socket_Setup)
    i.Socket_SetupFirewall                   0x080224a0   Section        0  socket.o(i.Socket_SetupFirewall)
    i.StripWhiteSpace                        0x08022500   Section        0  atc.o(i.StripWhiteSpace)
    i.SysTick_Handler                        0x0802251c   Section        0  stm32f4xx_it.o(i.SysTick_Handler)
    i.SystemInit                             0x08022530   Section        0  system_stm32f4xx.o(i.SystemInit)
    i.TerminalHelp                           0x0802258c   Section        0  terminal.o(i.TerminalHelp)
    i.TerminalMode                           0x08022958   Section        0  terminal.o(i.TerminalMode)
    i.Terminus_Init                          0x08023c24   Section        0  main.o(i.Terminus_Init)
    i.UART_Initialization                    0x0802405c   Section        0  main.o(i.UART_Initialization)
    i.USART3_Configuration                   0x0802408c   Section        0  t2uart.o(i.USART3_Configuration)
    i.USART3_IRQHandler                      0x08024248   Section        0  stm32f4xx_it.o(i.USART3_IRQHandler)
    i.USART6_Configuration                   0x08024250   Section        0  t2uart.o(i.USART6_Configuration)
    i.USART6_IRQHandler                      0x080244ec   Section        0  stm32f4xx_it.o(i.USART6_IRQHandler)
    i.USART6_Suppress                        0x080244f2   Section        0  t2uart.o(i.USART6_Suppress)
    i.USART_ClearITPendingBit                0x080245e0   Section        0  stm32f4xx_usart.o(i.USART_ClearITPendingBit)
    i.USART_Cmd                              0x080245ec   Section        0  stm32f4xx_usart.o(i.USART_Cmd)
    i.USART_GetITStatus                      0x08024600   Section        0  stm32f4xx_usart.o(i.USART_GetITStatus)
    i.USART_ITConfig                         0x0802463e   Section        0  stm32f4xx_usart.o(i.USART_ITConfig)
    i.USART_Init                             0x08024670   Section        0  stm32f4xx_usart.o(i.USART_Init)
    i.Uart_EmptyRx                           0x08024728   Section        0  t2uart.o(i.Uart_EmptyRx)
    i.Uart_Enable                            0x08024788   Section        0  t2uart.o(i.Uart_Enable)
    i.Uart_FillTx                            0x08024830   Section        0  t2uart.o(i.Uart_FillTx)
    i.Uart_Flush                             0x080248b2   Section        0  t2uart.o(i.Uart_Flush)
    i.Uart_ForwardFullDuplex                 0x080248cc   Section        0  t2uart.o(i.Uart_ForwardFullDuplex)
    i.Uart_ForwardHalfDuplex                 0x080248e2   Section        0  t2uart.o(i.Uart_ForwardHalfDuplex)
    i.Uart_GetLine                           0x080248ec   Section        0  t2uart.o(i.Uart_GetLine)
    i.Uart_Open                              0x08024974   Section        0  t2uart.o(i.Uart_Open)
    i.Uart_SendBuffer                        0x08024998   Section        0  t2uart.o(i.Uart_SendBuffer)
    i.Uart_SendMessage                       0x080249d6   Section        0  t2uart.o(i.Uart_SendMessage)
    i.Uart_Throttle                          0x080249f0   Section        0  t2uart.o(i.Uart_Throttle)
    i.UsageFault_Handler                     0x08024a58   Section        0  stm32f4xx_it.o(i.UsageFault_Handler)
    i.WriteLED                               0x08024a5c   Section        0  t2gpio.o(i.WriteLED)
    i.__0fprintf$8                           0x08024aa8   Section        0  printf8.o(i.__0fprintf$8)
    i.__0printf$8                            0x08024ac4   Section        0  printf8.o(i.__0printf$8)
    i.__0sprintf$8                           0x08024ae4   Section        0  printf8.o(i.__0sprintf$8)
    i.__outchar                              0x08024b0c   Section        0  main.o(i.__outchar)
    __outchar                                0x08024b0d   Thumb Code    30  main.o(i.__outchar)
    i.__scatterload_copy                     0x08024b30   Section       14  handlers.o(i.__scatterload_copy)
    i.__scatterload_null                     0x08024b3e   Section        2  handlers.o(i.__scatterload_null)
    i.__scatterload_zeroinit                 0x08024b40   Section       14  handlers.o(i.__scatterload_zeroinit)
    i._printf_core                           0x08024b50   Section        0  printf8.o(i._printf_core)
    _printf_core                             0x08024b51   Thumb Code   988  printf8.o(i._printf_core)
    i._printf_post_padding                   0x08024f58   Section        0  printf8.o(i._printf_post_padding)
    _printf_post_padding                     0x08024f59   Thumb Code    38  printf8.o(i._printf_post_padding)
    i._printf_pre_padding                    0x08024f7e   Section        0  printf8.o(i._printf_pre_padding)
    _printf_pre_padding                      0x08024f7f   Thumb Code    48  printf8.o(i._printf_pre_padding)
    i._sputc                                 0x08024fae   Section        0  printf8.o(i._sputc)
    _sputc                                   0x08024faf   Thumb Code    10  printf8.o(i._sputc)
    i.fputc                                  0x08024fb8   Section        0  main.o(i.fputc)
    i.hard_fault_handler_c                   0x08024fe0   Section        0  t2common.o(i.hard_fault_handler_c)
    i.main                                   0x080250d0   Section        0  main.o(i.main)
    i.stricmp                                0x080253a4   Section        0  t2common.o(i.stricmp)
    i.strnicmp                               0x080253d6   Section        0  t2common.o(i.strnicmp)
    .constdata                               0x0802541c   Section       78  main.o(.constdata)
    .constdata                               0x0802546c   Section      237  terminal.o(.constdata)
    .constdata                               0x08025559   Section       64  ctype_c.o(.constdata)
    .data                                    0x20000000   Section        4  main.o(.data)
    .data                                    0x20000004   Section       28  main.o(.data)
    SMSPointer                               0x20000008   Data           4  main.o(.data)
    UartDB9                                  0x2000000c   Data           4  main.o(.data)
    UartModem                                0x20000010   Data           4  main.o(.data)
    last                                     0x20000014   Data           4  main.o(.data)
    last                                     0x20000018   Data           4  main.o(.data)
    .data                                    0x20000020   Section        4  main.o(.data)
    .data                                    0x20000024   Section       20  stm32_t2_sdio_sd.o(.data)
    CardType                                 0x20000028   Data           4  stm32_t2_sdio_sd.o(.data)
    RCA                                      0x2000002c   Data           4  stm32_t2_sdio_sd.o(.data)
    .data                                    0x20000038   Section       28  t2common.o(.data)
    enabled                                  0x20000044   Data           4  t2common.o(.data)
    ITM_STIM0                                0x20000048   Data           4  t2common.o(.data)
    SCB_DEMCR                                0x2000004c   Data           4  t2common.o(.data)
    .data                                    0x20000054   Section       16  stm32f4xx_rcc.o(.data)
    APBAHBPrescTable                         0x20000054   Data          16  stm32f4xx_rcc.o(.data)
    .bss                                     0x20000064   Section     4944  main.o(.bss)
    Uart3                                    0x2000017c   Data        2332  main.o(.bss)
    Uart6                                    0x20000a98   Data        2332  main.o(.bss)
    .bss                                     0x200013b4   Section      356  main.o(.bss)
    SMSInfo                                  0x200013b4   Data         356  main.o(.bss)
    .bss                                     0x20001518   Section      601  ringbuffer.o(.bss)
    Line                                     0x20001518   Data         601  ringbuffer.o(.bss)
    .bss                                     0x20001771   Section      256  t2uart.o(.bss)
    InputLine                                0x20001771   Data         256  t2uart.o(.bss)
    STACK                                    0x20001878   Section     4096  startup_stm32f40xx.o(STACK)

    Global Symbols

    Symbol Name                              Value     Ov Type        Size  Object(Section)

    BuildAttributes$$THM_ISAv4$E$P$D$K$B$S$7EM$VFPi3$EXTD16$VFPS$VFMA$PE$A:L22UL41UL21$X:L11$S22US41US21$IEEE1$IW$USESV6$~STKCKD$USESV7$~SHL$OSPACE$ROPI$EBA8$MICROLIB$REQ8$PRES8$EABIv2 0x00000000   Number         0  anon$$obj.o ABSOLUTE
    __ARM_use_no_argv                        0x00000000   Number         0  main.o ABSOLUTE
    __use_no_errno                           0x00000000   Number         0  useno.o ABSOLUTE
    __use_no_exception_handling              0x00000000   Number         0  useno.o ABSOLUTE
    __use_no_fp                              0x00000000   Number         0  useno.o ABSOLUTE
    __use_no_heap                            0x00000000   Number         0  useno.o ABSOLUTE
    __use_no_heap_region                     0x00000000   Number         0  useno.o ABSOLUTE
    __use_no_semihosting                     0x00000000   Number         0  useno.o ABSOLUTE
    __use_no_semihosting_swi                 0x00000000   Number         0  useno.o ABSOLUTE
    __use_no_signal_handling                 0x00000000   Number         0  useno.o ABSOLUTE
    _printf_a                                0x00000000   Number         0  stubs.o ABSOLUTE
    _printf_c                                0x00000000   Number         0  stubs.o ABSOLUTE
    _printf_charcount                        0x00000000   Number         0  stubs.o ABSOLUTE
    _printf_d                                0x00000000   Number         0  stubs.o ABSOLUTE
    _printf_e                                0x00000000   Number         0  stubs.o ABSOLUTE
    _printf_f                                0x00000000   Number         0  stubs.o ABSOLUTE
    _printf_flags                            0x00000000   Number         0  stubs.o ABSOLUTE
    _printf_fp_dec                           0x00000000   Number         0  stubs.o ABSOLUTE
    _printf_fp_hex                           0x00000000   Number         0  stubs.o ABSOLUTE
    _printf_g                                0x00000000   Number         0  stubs.o ABSOLUTE
    _printf_i                                0x00000000   Number         0  stubs.o ABSOLUTE
    _printf_int_dec                          0x00000000   Number         0  stubs.o ABSOLUTE
    _printf_l                                0x00000000   Number         0  stubs.o ABSOLUTE
    _printf_lc                               0x00000000   Number         0  stubs.o ABSOLUTE
    _printf_ll                               0x00000000   Number         0  stubs.o ABSOLUTE
    _printf_lld                              0x00000000   Number         0  stubs.o ABSOLUTE
    _printf_lli                              0x00000000   Number         0  stubs.o ABSOLUTE
    _printf_llo                              0x00000000   Number         0  stubs.o ABSOLUTE
    _printf_llu                              0x00000000   Number         0  stubs.o ABSOLUTE
    _printf_llx                              0x00000000   Number         0  stubs.o ABSOLUTE
    _printf_longlong_dec                     0x00000000   Number         0  stubs.o ABSOLUTE
    _printf_longlong_hex                     0x00000000   Number         0  stubs.o ABSOLUTE
    _printf_longlong_oct                     0x00000000   Number         0  stubs.o ABSOLUTE
    _printf_ls                               0x00000000   Number         0  stubs.o ABSOLUTE
    _printf_mbtowc                           0x00000000   Number         0  stubs.o ABSOLUTE
    _printf_n                                0x00000000   Number         0  stubs.o ABSOLUTE
    _printf_o                                0x00000000   Number         0  stubs.o ABSOLUTE
    _printf_p                                0x00000000   Number         0  stubs.o ABSOLUTE
    _printf_percent                          0x00000000   Number         0  stubs.o ABSOLUTE
    _printf_pre_padding                      0x00000000   Number         0  stubs.o ABSOLUTE
    _printf_return_value                     0x00000000   Number         0  stubs.o ABSOLUTE
    _printf_s                                0x00000000   Number         0  stubs.o ABSOLUTE
    _printf_sizespec                         0x00000000   Number         0  stubs.o ABSOLUTE
    _printf_str                              0x00000000   Number         0  stubs.o ABSOLUTE
    _printf_truncate_signed                  0x00000000   Number         0  stubs.o ABSOLUTE
    _printf_truncate_unsigned                0x00000000   Number         0  stubs.o ABSOLUTE
    _printf_u                                0x00000000   Number         0  stubs.o ABSOLUTE
    _printf_wc                               0x00000000   Number         0  stubs.o ABSOLUTE
    _printf_wctomb                           0x00000000   Number         0  stubs.o ABSOLUTE
    _printf_widthprec                        0x00000000   Number         0  stubs.o ABSOLUTE
    _printf_x                                0x00000000   Number         0  stubs.o ABSOLUTE
    __cpp_initialize__aeabi_                  - Undefined Weak Reference
    __cxa_finalize                            - Undefined Weak Reference
    __decompress                              - Undefined Weak Reference
    _clock_init                               - Undefined Weak Reference
    _microlib_exit                            - Undefined Weak Reference
    _scanf_longlong                           - Undefined Weak Reference
    _scanf_real                               - Undefined Weak Reference
    __Vectors_Size                           0x00000188   Number         0  startup_stm32f40xx.o ABSOLUTE
    Stack_Size                               0x00001000   Number         0  startup_stm32f40xx.o ABSOLUTE
    __Vectors                                0x08020000   Data           4  startup_stm32f40xx.o(RESET)
    __Vectors_End                            0x08020188   Data           0  startup_stm32f40xx.o(RESET)
    __main                                   0x08020195   Thumb Code     0  entry.o(.ARM.Collect$$$$00000000)
    _main_stk                                0x08020195   Thumb Code     0  entry2.o(.ARM.Collect$$$$00000001)
    _main_scatterload                        0x08020199   Thumb Code     0  entry5.o(.ARM.Collect$$$$00000004)
    __main_after_scatterload                 0x0802019d   Thumb Code     0  entry5.o(.ARM.Collect$$$$00000004)
    _main_clock                              0x0802019d   Thumb Code     0  entry7b.o(.ARM.Collect$$$$00000008)
    _main_cpp_init                           0x0802019d   Thumb Code     0  entry8b.o(.ARM.Collect$$$$0000000A)
    _main_init                               0x0802019d   Thumb Code     0  entry9a.o(.ARM.Collect$$$$0000000B)
    __rt_final_cpp                           0x080201a5   Thumb Code     0  entry10a.o(.ARM.Collect$$$$0000000D)
    __rt_final_exit                          0x080201a5   Thumb Code     0  entry11a.o(.ARM.Collect$$$$0000000F)
    Reset_Handler                            0x080201a9   Thumb Code     8  startup_stm32f40xx.o(.text)
    SystemReset                              0x080201b1   Thumb Code    10  startup_stm32f40xx.o(.text)
    Reboot_Loader                            0x080201bd   Thumb Code    26  startup_stm32f40xx.o(.text)
    Reboot_Application                       0x080201d9   Thumb Code    10  startup_stm32f40xx.o(.text)
    HardFault_Handler                        0x080201e5   Thumb Code    20  startup_stm32f40xx.o(.text)
    ADC_IRQHandler                           0x08020207   Thumb Code     0  startup_stm32f40xx.o(.text)
    CAN1_RX0_IRQHandler                      0x08020207   Thumb Code     0  startup_stm32f40xx.o(.text)
    CAN1_RX1_IRQHandler                      0x08020207   Thumb Code     0  startup_stm32f40xx.o(.text)
    CAN1_SCE_IRQHandler                      0x08020207   Thumb Code     0  startup_stm32f40xx.o(.text)
    CAN1_TX_IRQHandler                       0x08020207   Thumb Code     0  startup_stm32f40xx.o(.text)
    CAN2_RX0_IRQHandler                      0x08020207   Thumb Code     0  startup_stm32f40xx.o(.text)
    CAN2_RX1_IRQHandler                      0x08020207   Thumb Code     0  startup_stm32f40xx.o(.text)
    CAN2_SCE_IRQHandler                      0x08020207   Thumb Code     0  startup_stm32f40xx.o(.text)
    CAN2_TX_IRQHandler                       0x08020207   Thumb Code     0  startup_stm32f40xx.o(.text)
    CRYP_IRQHandler                          0x08020207   Thumb Code     0  startup_stm32f40xx.o(.text)
    DCMI_IRQHandler                          0x08020207   Thumb Code     0  startup_stm32f40xx.o(.text)
    DMA1_Stream0_IRQHandler                  0x08020207   Thumb Code     0  startup_stm32f40xx.o(.text)
    DMA1_Stream1_IRQHandler                  0x08020207   Thumb Code     0  startup_stm32f40xx.o(.text)
    DMA1_Stream2_IRQHandler                  0x08020207   Thumb Code     0  startup_stm32f40xx.o(.text)
    DMA1_Stream3_IRQHandler                  0x08020207   Thumb Code     0  startup_stm32f40xx.o(.text)
    DMA1_Stream4_IRQHandler                  0x08020207   Thumb Code     0  startup_stm32f40xx.o(.text)
    DMA1_Stream5_IRQHandler                  0x08020207   Thumb Code     0  startup_stm32f40xx.o(.text)
    DMA1_Stream6_IRQHandler                  0x08020207   Thumb Code     0  startup_stm32f40xx.o(.text)
    DMA1_Stream7_IRQHandler                  0x08020207   Thumb Code     0  startup_stm32f40xx.o(.text)
    DMA2_Stream0_IRQHandler                  0x08020207   Thumb Code     0  startup_stm32f40xx.o(.text)
    DMA2_Stream1_IRQHandler                  0x08020207   Thumb Code     0  startup_stm32f40xx.o(.text)
    DMA2_Stream2_IRQHandler                  0x08020207   Thumb Code     0  startup_stm32f40xx.o(.text)
    DMA2_Stream3_IRQHandler                  0x08020207   Thumb Code     0  startup_stm32f40xx.o(.text)
    DMA2_Stream4_IRQHandler                  0x08020207   Thumb Code     0  startup_stm32f40xx.o(.text)
    DMA2_Stream5_IRQHandler                  0x08020207   Thumb Code     0  startup_stm32f40xx.o(.text)
    DMA2_Stream6_IRQHandler                  0x08020207   Thumb Code     0  startup_stm32f40xx.o(.text)
    DMA2_Stream7_IRQHandler                  0x08020207   Thumb Code     0  startup_stm32f40xx.o(.text)
    ETH_IRQHandler                           0x08020207   Thumb Code     0  startup_stm32f40xx.o(.text)
    ETH_WKUP_IRQHandler                      0x08020207   Thumb Code     0  startup_stm32f40xx.o(.text)
    EXTI0_IRQHandler                         0x08020207   Thumb Code     0  startup_stm32f40xx.o(.text)
    EXTI15_10_IRQHandler                     0x08020207   Thumb Code     0  startup_stm32f40xx.o(.text)
    EXTI1_IRQHandler                         0x08020207   Thumb Code     0  startup_stm32f40xx.o(.text)
    EXTI2_IRQHandler                         0x08020207   Thumb Code     0  startup_stm32f40xx.o(.text)
    EXTI3_IRQHandler                         0x08020207   Thumb Code     0  startup_stm32f40xx.o(.text)
    EXTI4_IRQHandler                         0x08020207   Thumb Code     0  startup_stm32f40xx.o(.text)
    EXTI9_5_IRQHandler                       0x08020207   Thumb Code     0  startup_stm32f40xx.o(.text)
    FLASH_IRQHandler                         0x08020207   Thumb Code     0  startup_stm32f40xx.o(.text)
    FPU_IRQHandler                           0x08020207   Thumb Code     0  startup_stm32f40xx.o(.text)
    FSMC_IRQHandler                          0x08020207   Thumb Code     0  startup_stm32f40xx.o(.text)
    HASH_RNG_IRQHandler                      0x08020207   Thumb Code     0  startup_stm32f40xx.o(.text)
    I2C1_ER_IRQHandler                       0x08020207   Thumb Code     0  startup_stm32f40xx.o(.text)
    I2C1_EV_IRQHandler                       0x08020207   Thumb Code     0  startup_stm32f40xx.o(.text)
    I2C2_ER_IRQHandler                       0x08020207   Thumb Code     0  startup_stm32f40xx.o(.text)
    I2C2_EV_IRQHandler                       0x08020207   Thumb Code     0  startup_stm32f40xx.o(.text)
    I2C3_ER_IRQHandler                       0x08020207   Thumb Code     0  startup_stm32f40xx.o(.text)
    I2C3_EV_IRQHandler                       0x08020207   Thumb Code     0  startup_stm32f40xx.o(.text)
    OTG_FS_IRQHandler                        0x08020207   Thumb Code     0  startup_stm32f40xx.o(.text)
    OTG_FS_WKUP_IRQHandler                   0x08020207   Thumb Code     0  startup_stm32f40xx.o(.text)
    OTG_HS_EP1_IN_IRQHandler                 0x08020207   Thumb Code     0  startup_stm32f40xx.o(.text)
    OTG_HS_EP1_OUT_IRQHandler                0x08020207   Thumb Code     0  startup_stm32f40xx.o(.text)
    OTG_HS_IRQHandler                        0x08020207   Thumb Code     0  startup_stm32f40xx.o(.text)
    OTG_HS_WKUP_IRQHandler                   0x08020207   Thumb Code     0  startup_stm32f40xx.o(.text)
    PVD_IRQHandler                           0x08020207   Thumb Code     0  startup_stm32f40xx.o(.text)
    RCC_IRQHandler                           0x08020207   Thumb Code     0  startup_stm32f40xx.o(.text)
    RTC_Alarm_IRQHandler                     0x08020207   Thumb Code     0  startup_stm32f40xx.o(.text)
    RTC_WKUP_IRQHandler                      0x08020207   Thumb Code     0  startup_stm32f40xx.o(.text)
    SPI1_IRQHandler                          0x08020207   Thumb Code     0  startup_stm32f40xx.o(.text)
    SPI2_IRQHandler                          0x08020207   Thumb Code     0  startup_stm32f40xx.o(.text)
    SPI3_IRQHandler                          0x08020207   Thumb Code     0  startup_stm32f40xx.o(.text)
    TAMP_STAMP_IRQHandler                    0x08020207   Thumb Code     0  startup_stm32f40xx.o(.text)
    TIM1_BRK_TIM9_IRQHandler                 0x08020207   Thumb Code     0  startup_stm32f40xx.o(.text)
    TIM1_CC_IRQHandler                       0x08020207   Thumb Code     0  startup_stm32f40xx.o(.text)
    TIM1_TRG_COM_TIM11_IRQHandler            0x08020207   Thumb Code     0  startup_stm32f40xx.o(.text)
    TIM1_UP_TIM10_IRQHandler                 0x08020207   Thumb Code     0  startup_stm32f40xx.o(.text)
    TIM2_IRQHandler                          0x08020207   Thumb Code     0  startup_stm32f40xx.o(.text)
    TIM3_IRQHandler                          0x08020207   Thumb Code     0  startup_stm32f40xx.o(.text)
    TIM4_IRQHandler                          0x08020207   Thumb Code     0  startup_stm32f40xx.o(.text)
    TIM5_IRQHandler                          0x08020207   Thumb Code     0  startup_stm32f40xx.o(.text)
    TIM6_DAC_IRQHandler                      0x08020207   Thumb Code     0  startup_stm32f40xx.o(.text)
    TIM7_IRQHandler                          0x08020207   Thumb Code     0  startup_stm32f40xx.o(.text)
    TIM8_BRK_TIM12_IRQHandler                0x08020207   Thumb Code     0  startup_stm32f40xx.o(.text)
    TIM8_CC_IRQHandler                       0x08020207   Thumb Code     0  startup_stm32f40xx.o(.text)
    TIM8_TRG_COM_TIM14_IRQHandler            0x08020207   Thumb Code     0  startup_stm32f40xx.o(.text)
    TIM8_UP_TIM13_IRQHandler                 0x08020207   Thumb Code     0  startup_stm32f40xx.o(.text)
    UART4_IRQHandler                         0x08020207   Thumb Code     0  startup_stm32f40xx.o(.text)
    UART5_IRQHandler                         0x08020207   Thumb Code     0  startup_stm32f40xx.o(.text)
    USART1_IRQHandler                        0x08020207   Thumb Code     0  startup_stm32f40xx.o(.text)
    USART2_IRQHandler                        0x08020207   Thumb Code     0  startup_stm32f40xx.o(.text)
    WWDG_IRQHandler                          0x08020207   Thumb Code     0  startup_stm32f40xx.o(.text)
    toupper                                  0x08020229   Thumb Code    12  toupper.o(.text)
    __aeabi_memcpy                           0x08020235   Thumb Code    36  memcpya.o(.text)
    __aeabi_memcpy4                          0x08020235   Thumb Code     0  memcpya.o(.text)
    __aeabi_memcpy8                          0x08020235   Thumb Code     0  memcpya.o(.text)
    __aeabi_memset                           0x08020259   Thumb Code    14  memseta.o(.text)
    __aeabi_memset4                          0x08020259   Thumb Code     0  memseta.o(.text)
    __aeabi_memset8                          0x08020259   Thumb Code     0  memseta.o(.text)
    __aeabi_memclr                           0x08020267   Thumb Code     4  memseta.o(.text)
    __aeabi_memclr4                          0x08020267   Thumb Code     0  memseta.o(.text)
    __aeabi_memclr8                          0x08020267   Thumb Code     0  memseta.o(.text)
    _memset$wrapper                          0x0802026b   Thumb Code    18  memseta.o(.text)
    strstr                                   0x0802027d   Thumb Code    36  strstr.o(.text)
    strlen                                   0x080202a1   Thumb Code    14  strlen.o(.text)
    strcpy                                   0x080202af   Thumb Code    18  strcpy.o(.text)
    strncmp                                  0x080202c1   Thumb Code    30  strncmp.o(.text)
    __0sscanf                                0x080202e1   Thumb Code    48  __0sscanf.o(.text)
    _scanf_int                               0x08020319   Thumb Code   336  _scanf_int.o(.text)
    _scanf_string                            0x08020469   Thumb Code   218  _scanf_str.o(.text)
    __aeabi_uldivmod                         0x08020543   Thumb Code    98  uldiv.o(.text)
    _chval                                   0x080205a5   Thumb Code    28  _chval.o(.text)
    __vfscanf_char                           0x080205cd   Thumb Code    20  scanf_char.o(.text)
    _sgetc                                   0x080205e9   Thumb Code    30  _sgetc.o(.text)
    _sbackspace                              0x08020607   Thumb Code    34  _sgetc.o(.text)
    __scatterload                            0x08020629   Thumb Code    28  init.o(.text)
    __scatterload_rt2                        0x08020629   Thumb Code     0  init.o(.text)
    __aeabi_llsl                             0x0802064d   Thumb Code    30  llshl.o(.text)
    _ll_shift_l                              0x0802064d   Thumb Code     0  llshl.o(.text)
    __aeabi_llsr                             0x0802066b   Thumb Code    32  llushr.o(.text)
    _ll_ushift_r                             0x0802066b   Thumb Code     0  llushr.o(.text)
    isspace                                  0x0802068b   Thumb Code    10  isspace_c.o(.text)
    __vfscanf                                0x08020695   Thumb Code   806  _scanf.o(.text)
    __ctype_lookup                           0x080209c1   Thumb Code    34  ctype_c.o(.text)
    BusFault_Handler                         0x080209e9   Thumb Code     2  stm32f4xx_it.o(i.BusFault_Handler)
    DebugMon_Handler                         0x08020a11   Thumb Code     2  stm32f4xx_it.o(i.DebugMon_Handler)
    EnableTiming                             0x08020a15   Thumb Code    58  t2common.o(i.EnableTiming)
    Fifo_Extract                             0x08020a59   Thumb Code    78  ringbuffer.o(i.Fifo_Extract)
    Fifo_Flush                               0x08020aa7   Thumb Code     6  ringbuffer.o(i.Fifo_Flush)
    Fifo_Forward                             0x08020aad   Thumb Code    82  ringbuffer.o(i.Fifo_Forward)
    Fifo_Free                                0x08020aff   Thumb Code    16  ringbuffer.o(i.Fifo_Free)
    Fifo_GetChar                             0x08020b0f   Thumb Code    38  ringbuffer.o(i.Fifo_GetChar)
    Fifo_Insert                              0x08020b35   Thumb Code    78  ringbuffer.o(i.Fifo_Insert)
    Fifo_Open                                0x08020b83   Thumb Code    28  ringbuffer.o(i.Fifo_Open)
    Fifo_ParseGenericLine                    0x08020ba1   Thumb Code   168  ringbuffer.o(i.Fifo_ParseGenericLine)
    Fifo_PeekChar                            0x08020c4d   Thumb Code    20  ringbuffer.o(i.Fifo_PeekChar)
    Fifo_Used                                0x08020c61   Thumb Code    20  ringbuffer.o(i.Fifo_Used)
    GPIO_Configuration                       0x08020c75   Thumb Code   118  t2gpio.o(i.GPIO_Configuration)
    GPIO_Init                                0x08020cf5   Thumb Code   162  stm32f4xx_gpio.o(i.GPIO_Init)
    GPIO_PinAFConfig                         0x08020d97   Thumb Code    32  stm32f4xx_gpio.o(i.GPIO_PinAFConfig)
    GPIO_ReadInputDataBit                    0x08020db7   Thumb Code    14  stm32f4xx_gpio.o(i.GPIO_ReadInputDataBit)
    GPIO_ResetBits                           0x08020dc5   Thumb Code     4  stm32f4xx_gpio.o(i.GPIO_ResetBits)
    GPIO_SetBits                             0x08020dc9   Thumb Code     4  stm32f4xx_gpio.o(i.GPIO_SetBits)
    MemManage_Handler                        0x08020dcd   Thumb Code     2  stm32f4xx_it.o(i.MemManage_Handler)
    ModemToFaultCode                         0x08020dd1   Thumb Code   248  atc.o(i.ModemToFaultCode)
    Modem_GetPhoneNum                        0x08020f49   Thumb Code   186  modem.o(i.Modem_GetPhoneNum)
    Modem_ReadDCD                            0x0802103d   Thumb Code    14  modem.o(i.Modem_ReadDCD)
    Modem_ReadGSMLED                         0x0802104b   Thumb Code    14  modem.o(i.Modem_ReadGSMLED)
    Modem_ReadOnOff                          0x08021059   Thumb Code    14  modem.o(i.Modem_ReadOnOff)
    Modem_ReadPwrMon                         0x08021067   Thumb Code    14  modem.o(i.Modem_ReadPwrMon)
    Modem_ReadReset                          0x08021075   Thumb Code    14  modem.o(i.Modem_ReadReset)
    Modem_Reset                              0x08021083   Thumb Code    34  modem.o(i.Modem_Reset)
    Modem_TurnOff                            0x080210a5   Thumb Code   210  modem.o(i.Modem_TurnOff)
    Modem_TurnOn                             0x080211f1   Thumb Code   250  modem.o(i.Modem_TurnOn)
    Modem_WaitForPowerUp                     0x0802135d   Thumb Code    44  modem.o(i.Modem_WaitForPowerUp)
    Modem_WaitForSIMReady                    0x0802138d   Thumb Code    92  modem.o(i.Modem_WaitForSIMReady)
    Modem_WriteOnOff                         0x0802140d   Thumb Code    20  modem.o(i.Modem_WriteOnOff)
    Modem_WriteRTS                           0x08021421   Thumb Code    20  modem.o(i.Modem_WriteRTS)
    Modem_WriteReset                         0x08021435   Thumb Code    20  modem.o(i.Modem_WriteReset)
    NMI_Handler                              0x08021449   Thumb Code     2  stm32f4xx_it.o(i.NMI_Handler)
    NVIC_Configuration                       0x0802144d   Thumb Code    96  main.o(i.NVIC_Configuration)
    NVIC_Init                                0x080214b5   Thumb Code    92  misc.o(i.NVIC_Init)
    NVIC_PriorityGroupConfig                 0x08021519   Thumb Code    10  misc.o(i.NVIC_PriorityGroupConfig)
    NVIC_SetVectorTable                      0x0802154d   Thumb Code    12  misc.o(i.NVIC_SetVectorTable)
    Network_ActivateContext                  0x08021561   Thumb Code    50  network.o(i.Network_ActivateContext)
    Network_CheckCellReg                     0x080215b5   Thumb Code   116  network.o(i.Network_CheckCellReg)
    Network_CheckDataReg                     0x08021649   Thumb Code   116  network.o(i.Network_CheckDataReg)
    Network_DeactivateContext                0x080216dd   Thumb Code    58  network.o(i.Network_DeactivateContext)
    Network_GetContext                       0x0802172d   Thumb Code   104  network.o(i.Network_GetContext)
    Network_GetNetworkName                   0x080217bd   Thumb Code    78  network.o(i.Network_GetNetworkName)
    Network_GetSignalQuality                 0x0802181d   Thumb Code    88  network.o(i.Network_GetSignalQuality)
    Network_SetupContext                     0x08021891   Thumb Code    32  network.o(i.Network_SetupContext)
    Network_WaitForCellReg                   0x080218d9   Thumb Code    58  network.o(i.Network_WaitForCellReg)
    Network_WaitForDataReg                   0x0802191d   Thumb Code    58  network.o(i.Network_WaitForDataReg)
    PendSV_Handler                           0x08021961   Thumb Code     2  stm32f4xx_it.o(i.PendSV_Handler)
    PeriodicUART                             0x08021965   Thumb Code   174  main.o(i.PeriodicUART)
    ProbeModemResponse                       0x08021a21   Thumb Code   146  atc.o(i.ProbeModemResponse)
    RCC_AHB1PeriphClockCmd                   0x08021b09   Thumb Code    18  stm32f4xx_rcc.o(i.RCC_AHB1PeriphClockCmd)
    RCC_APB1PeriphClockCmd                   0x08021b21   Thumb Code    18  stm32f4xx_rcc.o(i.RCC_APB1PeriphClockCmd)
    RCC_APB2PeriphClockCmd                   0x08021b39   Thumb Code    18  stm32f4xx_rcc.o(i.RCC_APB2PeriphClockCmd)
    RCC_GetClocksFreq                        0x08021b51   Thumb Code   118  stm32f4xx_rcc.o(i.RCC_GetClocksFreq)
    ReceiveAT                                0x08021bd5   Thumb Code   102  atc.o(i.ReceiveAT)
    ReceiveATStr                             0x08021c4d   Thumb Code   138  atc.o(i.ReceiveATStr)
    ReceiveATStrML                           0x08021ce9   Thumb Code   112  atc.o(i.ReceiveATStrML)
    SDIO_ClearITPendingBit                   0x08021d65   Thumb Code     6  stm32f4xx_sdio.o(i.SDIO_ClearITPendingBit)
    SDIO_GetITStatus                         0x08021d71   Thumb Code    16  stm32f4xx_sdio.o(i.SDIO_GetITStatus)
    SDIO_IRQHandler                          0x08021d85   Thumb Code     4  stm32f4xx_it.o(i.SDIO_IRQHandler)
    SDIO_ITConfig                            0x08021d89   Thumb Code    18  stm32f4xx_sdio.o(i.SDIO_ITConfig)
    SD_ProcessIRQSrc                         0x08021da1   Thumb Code    66  stm32_t2_sdio_sd.o(i.SD_ProcessIRQSrc)
    SMS_CheckSMS                             0x08021ded   Thumb Code    86  sms.o(i.SMS_CheckSMS)
    SMS_DeleteOneSMS                         0x08021e6d   Thumb Code    32  sms.o(i.SMS_DeleteOneSMS)
    SMS_ProcessSMS                           0x08021e9d   Thumb Code   292  sms.o(i.SMS_ProcessSMS)
    SMS_SendSMS                              0x08021fdd   Thumb Code   146  sms.o(i.SMS_SendSMS)
    SMS_SetupSMS                             0x08022091   Thumb Code    64  sms.o(i.SMS_SetupSMS)
    SVC_Handler                              0x0802210d   Thumb Code     2  stm32f4xx_it.o(i.SVC_Handler)
    SendAT                                   0x0802210f   Thumb Code    32  atc.o(i.SendAT)
    SendATStr                                0x0802212f   Thumb Code    36  atc.o(i.SendATStr)
    SendATStrML                              0x08022153   Thumb Code    36  atc.o(i.SendATStrML)
    SimpleForwardingLoop                     0x08022241   Thumb Code    44  main.o(i.SimpleForwardingLoop)
    Sleep                                    0x080222b1   Thumb Code    20  t2common.o(i.Sleep)
    Socket_Accept                            0x080222c9   Thumb Code    30  socket.o(i.Socket_Accept)
    Socket_Dial                              0x080222f5   Thumb Code    64  socket.o(i.Socket_Dial)
    Socket_Listen                            0x08022355   Thumb Code   112  socket.o(i.Socket_Listen)
    Socket_Setup                             0x08022401   Thumb Code    86  socket.o(i.Socket_Setup)
    Socket_SetupFirewall                     0x080224a1   Thumb Code    60  socket.o(i.Socket_SetupFirewall)
    StripWhiteSpace                          0x08022501   Thumb Code    26  atc.o(i.StripWhiteSpace)
    SysTick_Handler                          0x0802251d   Thumb Code    14  stm32f4xx_it.o(i.SysTick_Handler)
    SystemInit                               0x08022531   Thumb Code    72  system_stm32f4xx.o(i.SystemInit)
    TerminalHelp                             0x0802258d   Thumb Code   156  terminal.o(i.TerminalHelp)
    TerminalMode                             0x08022959   Thumb Code  4216  terminal.o(i.TerminalMode)
    Terminus_Init                            0x08023c25   Thumb Code   528  main.o(i.Terminus_Init)
    UART_Initialization                      0x0802405d   Thumb Code    32  main.o(i.UART_Initialization)
    USART3_Configuration                     0x0802408d   Thumb Code   428  t2uart.o(i.USART3_Configuration)
    USART3_IRQHandler                        0x08024249   Thumb Code     6  stm32f4xx_it.o(i.USART3_IRQHandler)
    USART6_Configuration                     0x08024251   Thumb Code   648  t2uart.o(i.USART6_Configuration)
    USART6_IRQHandler                        0x080244ed   Thumb Code     6  stm32f4xx_it.o(i.USART6_IRQHandler)
    USART6_Suppress                          0x080244f3   Thumb Code   238  t2uart.o(i.USART6_Suppress)
    USART_ClearITPendingBit                  0x080245e1   Thumb Code    12  stm32f4xx_usart.o(i.USART_ClearITPendingBit)
    USART_Cmd                                0x080245ed   Thumb Code    20  stm32f4xx_usart.o(i.USART_Cmd)
    USART_GetITStatus                        0x08024601   Thumb Code    62  stm32f4xx_usart.o(i.USART_GetITStatus)
    USART_ITConfig                           0x0802463f   Thumb Code    48  stm32f4xx_usart.o(i.USART_ITConfig)
    USART_Init                               0x08024671   Thumb Code   174  stm32f4xx_usart.o(i.USART_Init)
    Uart_EmptyRx                             0x08024729   Thumb Code    96  t2uart.o(i.Uart_EmptyRx)
    Uart_Enable                              0x08024789   Thumb Code   144  t2uart.o(i.Uart_Enable)
    Uart_FillTx                              0x08024831   Thumb Code   130  t2uart.o(i.Uart_FillTx)
    Uart_Flush                               0x080248b3   Thumb Code    26  t2uart.o(i.Uart_Flush)
    Uart_ForwardFullDuplex                   0x080248cd   Thumb Code    22  t2uart.o(i.Uart_ForwardFullDuplex)
    Uart_ForwardHalfDuplex                   0x080248e3   Thumb Code    10  t2uart.o(i.Uart_ForwardHalfDuplex)
    Uart_GetLine                             0x080248ed   Thumb Code   124  t2uart.o(i.Uart_GetLine)
    Uart_Open                                0x08024975   Thumb Code    36  t2uart.o(i.Uart_Open)
    Uart_SendBuffer                          0x08024999   Thumb Code    62  t2uart.o(i.Uart_SendBuffer)
    Uart_SendMessage                         0x080249d7   Thumb Code    26  t2uart.o(i.Uart_SendMessage)
    Uart_Throttle                            0x080249f1   Thumb Code   104  t2uart.o(i.Uart_Throttle)
    UsageFault_Handler                       0x08024a59   Thumb Code     2  stm32f4xx_it.o(i.UsageFault_Handler)
    WriteLED                                 0x08024a5d   Thumb Code    72  t2gpio.o(i.WriteLED)
    __0fprintf$8                             0x08024aa9   Thumb Code    22  printf8.o(i.__0fprintf$8)
    __1fprintf$8                             0x08024aa9   Thumb Code     0  printf8.o(i.__0fprintf$8)
    __2fprintf                               0x08024aa9   Thumb Code     0  printf8.o(i.__0fprintf$8)
    __0printf$8                              0x08024ac5   Thumb Code    22  printf8.o(i.__0printf$8)
    __1printf$8                              0x08024ac5   Thumb Code     0  printf8.o(i.__0printf$8)
    __2printf                                0x08024ac5   Thumb Code     0  printf8.o(i.__0printf$8)
    __0sprintf$8                             0x08024ae5   Thumb Code    34  printf8.o(i.__0sprintf$8)
    __1sprintf$8                             0x08024ae5   Thumb Code     0  printf8.o(i.__0sprintf$8)
    __2sprintf                               0x08024ae5   Thumb Code     0  printf8.o(i.__0sprintf$8)
    __scatterload_copy                       0x08024b31   Thumb Code    14  handlers.o(i.__scatterload_copy)
    __scatterload_null                       0x08024b3f   Thumb Code     2  handlers.o(i.__scatterload_null)
    __scatterload_zeroinit                   0x08024b41   Thumb Code    14  handlers.o(i.__scatterload_zeroinit)
    fputc                                    0x08024fb9   Thumb Code    34  main.o(i.fputc)
    hard_fault_handler_c                     0x08024fe1   Thumb Code    76  t2common.o(i.hard_fault_handler_c)
    main                                     0x080250d1   Thumb Code   348  main.o(i.main)
    stricmp                                  0x080253a5   Thumb Code    50  t2common.o(i.stricmp)
    strnicmp                                 0x080253d7   Thumb Code    68  t2common.o(i.strnicmp)
    __ctype_categories                       0x08025559   Data          64  ctype_c.o(.constdata)
    Region$$Table$$Base                      0x0802559c   Number         0  anon$$obj.o(Region$$Table)
    Region$$Table$$Limit                     0x080255bc   Number         0  anon$$obj.o(Region$$Table)
    SystemTick                               0x20000000   Data           4  main.o(.data)
    SysTickPriority                          0x20000004   Data           1  main.o(.data)
    CurrentLED                               0x2000001c   Data           4  main.o(.data)
    __stdout                                 0x20000020   Data           4  main.o(.data)
    TransferError                            0x20000024   Data           1  stm32_t2_sdio_sd.o(.data)
    StopCondition                            0x20000030   Data           4  stm32_t2_sdio_sd.o(.data)
    TransferEnd                              0x20000034   Data           4  stm32_t2_sdio_sd.o(.data)
    DWT_CYCCNT                               0x20000038   Data           4  t2common.o(.data)
    DWT_CONTROL                              0x2000003c   Data           4  t2common.o(.data)
    SCB_DEMCR                                0x20000040   Data           4  t2common.o(.data)
    FiveMicro                                0x20000050   Data           4  t2common.o(.data)
    ModemMake                                0x20000064   Data          40  main.o(.bss)
    ModemModel                               0x2000008c   Data          40  main.o(.bss)
    ModemFirmware                            0x200000b4   Data          40  main.o(.bss)
    ModemSerial                              0x200000dc   Data          40  main.o(.bss)
    SIMSerial                                0x20000104   Data          40  main.o(.bss)
    SIMIdentity                              0x2000012c   Data          40  main.o(.bss)
    SIMPNumber                               0x20000154   Data          40  main.o(.bss)
    Stack_Mem                                0x20001878   Data        4096  startup_stm32f40xx.o(STACK)
    __initial_sp                             0x20002878   Data           0  startup_stm32f40xx.o(STACK)



==============================================================================

Memory Map of the image

  Image Entry point : 0x08020195

  Load Region LR_IROM1 (Base: 0x08020000, Size: 0x00005620, Max: 0x00020000, ABSOLUTE)

    Execution Region ER_IROM1 (Base: 0x08020000, Size: 0x000055bc, Max: 0x00020000, ABSOLUTE)

    Base Addr    Size         Type   Attr      Idx    E Section Name        Object

    0x08020000   0x00000194   Data   RO         5951    RESET               startup_stm32f40xx.o
    0x08020194   0x00000000   Code   RO         5956  * .ARM.Collect$$$$00000000  mc_w.l(entry.o)
    0x08020194   0x00000004   Code   RO         6248    .ARM.Collect$$$$00000001  mc_w.l(entry2.o)
    0x08020198   0x00000004   Code   RO         6251    .ARM.Collect$$$$00000004  mc_w.l(entry5.o)
    0x0802019c   0x00000000   Code   RO         6253    .ARM.Collect$$$$00000008  mc_w.l(entry7b.o)
    0x0802019c   0x00000000   Code   RO         6255    .ARM.Collect$$$$0000000A  mc_w.l(entry8b.o)
    0x0802019c   0x00000008   Code   RO         6256    .ARM.Collect$$$$0000000B  mc_w.l(entry9a.o)
    0x080201a4   0x00000000   Code   RO         6258    .ARM.Collect$$$$0000000D  mc_w.l(entry10a.o)
    0x080201a4   0x00000000   Code   RO         6260    .ARM.Collect$$$$0000000F  mc_w.l(entry11a.o)
    0x080201a4   0x00000004   Code   RO         6249    .ARM.Collect$$$$00002712  mc_w.l(entry2.o)
    0x080201a8   0x00000080   Code   RO         5952    .text               startup_stm32f40xx.o
    0x08020228   0x0000000c   Code   RO         5965    .text               mc_w.l(toupper.o)
    0x08020234   0x00000024   Code   RO         5967    .text               mc_w.l(memcpya.o)
    0x08020258   0x00000024   Code   RO         5969    .text               mc_w.l(memseta.o)
    0x0802027c   0x00000024   Code   RO         5971    .text               mc_w.l(strstr.o)
    0x080202a0   0x0000000e   Code   RO         5973    .text               mc_w.l(strlen.o)
    0x080202ae   0x00000012   Code   RO         5975    .text               mc_w.l(strcpy.o)
    0x080202c0   0x0000001e   Code   RO         5977    .text               mc_w.l(strncmp.o)
    0x080202de   0x00000002   PAD
    0x080202e0   0x00000038   Code   RO         6242    .text               mc_w.l(__0sscanf.o)
    0x08020318   0x00000150   Code   RO         6244    .text               mc_w.l(_scanf_int.o)
    0x08020468   0x000000da   Code   RO         6246    .text               mc_w.l(_scanf_str.o)
    0x08020542   0x00000062   Code   RO         6264    .text               mc_w.l(uldiv.o)
    0x080205a4   0x0000001c   Code   RO         6266    .text               mc_w.l(_chval.o)
    0x080205c0   0x00000028   Code   RO         6268    .text               mc_w.l(scanf_char.o)
    0x080205e8   0x00000040   Code   RO         6270    .text               mc_w.l(_sgetc.o)
    0x08020628   0x00000024   Code   RO         6283    .text               mc_w.l(init.o)
    0x0802064c   0x0000001e   Code   RO         6285    .text               mc_w.l(llshl.o)
    0x0802066a   0x00000020   Code   RO         6287    .text               mc_w.l(llushr.o)
    0x0802068a   0x0000000a   Code   RO         6291    .text               mc_w.l(isspace_c.o)
    0x08020694   0x0000032c   Code   RO         6293    .text               mc_w.l(_scanf.o)
    0x080209c0   0x00000028   Code   RO         6297    .text               mc_w.l(ctype_c.o)
    0x080209e8   0x00000002   Code   RO          254    i.BusFault_Handler  stm32f4xx_it.o
    0x080209ea   0x00000002   PAD
    0x080209ec   0x00000024   Code   RO          694    i.CmdResp1Error     stm32_t2_sdio_sd.o
    0x08020a10   0x00000002   Code   RO          255    i.DebugMon_Handler  stm32f4xx_it.o
    0x08020a12   0x00000002   PAD
    0x08020a14   0x00000044   Code   RO         1343    i.EnableTiming      t2common.o
    0x08020a58   0x0000004e   Code   RO          922    i.Fifo_Extract      ringbuffer.o
    0x08020aa6   0x00000006   Code   RO          923    i.Fifo_Flush        ringbuffer.o
    0x08020aac   0x00000052   Code   RO          924    i.Fifo_Forward      ringbuffer.o
    0x08020afe   0x00000010   Code   RO          925    i.Fifo_Free         ringbuffer.o
    0x08020b0e   0x00000026   Code   RO          926    i.Fifo_GetChar      ringbuffer.o
    0x08020b34   0x0000004e   Code   RO          927    i.Fifo_Insert       ringbuffer.o
    0x08020b82   0x0000001c   Code   RO          928    i.Fifo_Open         ringbuffer.o
    0x08020b9e   0x00000002   PAD
    0x08020ba0   0x000000ac   Code   RO          929    i.Fifo_ParseGenericLine  ringbuffer.o
    0x08020c4c   0x00000014   Code   RO          930    i.Fifo_PeekChar     ringbuffer.o
    0x08020c60   0x00000014   Code   RO          933    i.Fifo_Used         ringbuffer.o
    0x08020c74   0x00000080   Code   RO         1489    i.GPIO_Configuration  t2gpio.o
    0x08020cf4   0x000000a2   Code   RO         3360    i.GPIO_Init         stm32f4xx_gpio.o
    0x08020d96   0x00000020   Code   RO         3361    i.GPIO_PinAFConfig  stm32f4xx_gpio.o
    0x08020db6   0x0000000e   Code   RO         3364    i.GPIO_ReadInputDataBit  stm32f4xx_gpio.o
    0x08020dc4   0x00000004   Code   RO         3367    i.GPIO_ResetBits    stm32f4xx_gpio.o
    0x08020dc8   0x00000004   Code   RO         3368    i.GPIO_SetBits      stm32f4xx_gpio.o
    0x08020dcc   0x00000002   Code   RO          256    i.MemManage_Handler  stm32f4xx_it.o
    0x08020dce   0x00000002   PAD
    0x08020dd0   0x00000178   Code   RO         1268    i.ModemToFaultCode  atc.o
    0x08020f48   0x000000f4   Code   RO         1132    i.Modem_GetPhoneNum  modem.o
    0x0802103c   0x0000000e   Code   RO         1134    i.Modem_ReadDCD     modem.o
    0x0802104a   0x0000000e   Code   RO         1137    i.Modem_ReadGSMLED  modem.o
    0x08021058   0x0000000e   Code   RO         1138    i.Modem_ReadOnOff   modem.o
    0x08021066   0x0000000e   Code   RO         1139    i.Modem_ReadPwrMon  modem.o
    0x08021074   0x0000000e   Code   RO         1142    i.Modem_ReadReset   modem.o
    0x08021082   0x00000022   Code   RO         1143    i.Modem_Reset       modem.o
    0x080210a4   0x0000014c   Code   RO         1144    i.Modem_TurnOff     modem.o
    0x080211f0   0x0000016c   Code   RO         1145    i.Modem_TurnOn      modem.o
    0x0802135c   0x00000030   Code   RO         1146    i.Modem_WaitForPowerUp  modem.o
    0x0802138c   0x00000080   Code   RO         1147    i.Modem_WaitForSIMReady  modem.o
    0x0802140c   0x00000014   Code   RO         1149    i.Modem_WriteOnOff  modem.o
    0x08021420   0x00000014   Code   RO         1150    i.Modem_WriteRTS    modem.o
    0x08021434   0x00000014   Code   RO         1151    i.Modem_WriteReset  modem.o
    0x08021448   0x00000002   Code   RO          257    i.NMI_Handler       stm32f4xx_it.o
    0x0802144a   0x00000002   PAD
    0x0802144c   0x00000068   Code   RO            3    i.NVIC_Configuration  main.o
    0x080214b4   0x00000064   Code   RO         1769    i.NVIC_Init         misc.o
    0x08021518   0x00000014   Code   RO         1770    i.NVIC_PriorityGroupConfig  misc.o
    0x0802152c   0x00000020   Code   RO            4    i.NVIC_SetPriority  main.o
    0x0802154c   0x00000014   Code   RO         1771    i.NVIC_SetVectorTable  misc.o
    0x08021560   0x00000054   Code   RO         1515    i.Network_ActivateContext  network.o
    0x080215b4   0x00000094   Code   RO         1516    i.Network_CheckCellReg  network.o
    0x08021648   0x00000094   Code   RO         1517    i.Network_CheckDataReg  network.o
    0x080216dc   0x00000050   Code   RO         1518    i.Network_DeactivateContext  network.o
    0x0802172c   0x00000090   Code   RO         1519    i.Network_GetContext  network.o
    0x080217bc   0x00000060   Code   RO         1520    i.Network_GetNetworkName  network.o
    0x0802181c   0x00000074   Code   RO         1521    i.Network_GetSignalQuality  network.o
    0x08021890   0x00000048   Code   RO         1522    i.Network_SetupContext  network.o
    0x080218d8   0x00000044   Code   RO         1523    i.Network_WaitForCellReg  network.o
    0x0802191c   0x00000044   Code   RO         1524    i.Network_WaitForDataReg  network.o
    0x08021960   0x00000002   Code   RO          258    i.PendSV_Handler    stm32f4xx_it.o
    0x08021962   0x00000002   PAD
    0x08021964   0x000000bc   Code   RO            5    i.PeriodicUART      main.o
    0x08021a20   0x000000e8   Code   RO         1269    i.ProbeModemResponse  atc.o
    0x08021b08   0x00000018   Code   RO         3982    i.RCC_AHB1PeriphClockCmd  stm32f4xx_rcc.o
    0x08021b20   0x00000018   Code   RO         3991    i.RCC_APB1PeriphClockCmd  stm32f4xx_rcc.o
    0x08021b38   0x00000018   Code   RO         3994    i.RCC_APB2PeriphClockCmd  stm32f4xx_rcc.o
    0x08021b50   0x00000084   Code   RO         4003    i.RCC_GetClocksFreq  stm32f4xx_rcc.o
    0x08021bd4   0x00000078   Code   RO         1270    i.ReceiveAT         atc.o
    0x08021c4c   0x0000009c   Code   RO         1271    i.ReceiveATStr      atc.o
    0x08021ce8   0x0000007c   Code   RO         1272    i.ReceiveATStrML    atc.o
    0x08021d64   0x0000000c   Code   RO         4686    i.SDIO_ClearITPendingBit  stm32f4xx_sdio.o
    0x08021d70   0x00000014   Code   RO         4698    i.SDIO_GetITStatus  stm32f4xx_sdio.o
    0x08021d84   0x00000004   Code   RO          259    i.SDIO_IRQHandler   stm32f4xx_it.o
    0x08021d88   0x00000018   Code   RO         4701    i.SDIO_ITConfig     stm32f4xx_sdio.o
    0x08021da0   0x0000004c   Code   RO          713    i.SD_ProcessIRQSrc  stm32_t2_sdio_sd.o
    0x08021dec   0x00000080   Code   RO         1590    i.SMS_CheckSMS      sms.o
    0x08021e6c   0x00000030   Code   RO         1592    i.SMS_DeleteOneSMS  sms.o
    0x08021e9c   0x00000140   Code   RO         1593    i.SMS_ProcessSMS    sms.o
    0x08021fdc   0x000000b4   Code   RO         1594    i.SMS_SendSMS       sms.o
    0x08022090   0x0000007c   Code   RO         1595    i.SMS_SetupSMS      sms.o
    0x0802210c   0x00000002   Code   RO          260    i.SVC_Handler       stm32f4xx_it.o
    0x0802210e   0x00000020   Code   RO         1273    i.SendAT            atc.o
    0x0802212e   0x00000024   Code   RO         1274    i.SendATStr         atc.o
    0x08022152   0x00000024   Code   RO         1275    i.SendATStrML       atc.o
    0x08022176   0x00000002   PAD
    0x08022178   0x000000c8   Code   RO         5901    i.SetSysClock       system_stm32f4xx.o
    0x08022240   0x00000070   Code   RO            6    i.SimpleForwardingLoop  main.o
    0x080222b0   0x00000018   Code   RO         1345    i.Sleep             t2common.o
    0x080222c8   0x0000002c   Code   RO         1669    i.Socket_Accept     socket.o
    0x080222f4   0x00000060   Code   RO         1671    i.Socket_Dial       socket.o
    0x08022354   0x000000ac   Code   RO         1674    i.Socket_Listen     socket.o
    0x08022400   0x000000a0   Code   RO         1675    i.Socket_Setup      socket.o
    0x080224a0   0x00000060   Code   RO         1676    i.Socket_SetupFirewall  socket.o
    0x08022500   0x0000001a   Code   RO         1276    i.StripWhiteSpace   atc.o
    0x0802251a   0x00000002   PAD
    0x0802251c   0x00000014   Code   RO          261    i.SysTick_Handler   stm32f4xx_it.o
    0x08022530   0x0000005c   Code   RO         5903    i.SystemInit        system_stm32f4xx.o
    0x0802258c   0x000003cc   Code   RO         1641    i.TerminalHelp      terminal.o
    0x08022958   0x000012cc   Code   RO         1642    i.TerminalMode      terminal.o
    0x08023c24   0x00000438   Code   RO            7    i.Terminus_Init     main.o
    0x0802405c   0x00000030   Code   RO            8    i.UART_Initialization  main.o
    0x0802408c   0x000001bc   Code   RO         1016    i.USART3_Configuration  t2uart.o
    0x08024248   0x00000006   Code   RO          262    i.USART3_IRQHandler  stm32f4xx_it.o
    0x0802424e   0x00000002   PAD
    0x08024250   0x0000029c   Code   RO         1017    i.USART6_Configuration  t2uart.o
    0x080244ec   0x00000006   Code   RO          263    i.USART6_IRQHandler  stm32f4xx_it.o
    0x080244f2   0x000000ee   Code   RO         1018    i.USART6_Suppress   t2uart.o
    0x080245e0   0x0000000c   Code   RO         5649    i.USART_ClearITPendingBit  stm32f4xx_usart.o
    0x080245ec   0x00000014   Code   RO         5652    i.USART_Cmd         stm32f4xx_usart.o
    0x08024600   0x0000003e   Code   RO         5656    i.USART_GetITStatus  stm32f4xx_usart.o
    0x0802463e   0x00000030   Code   RO         5658    i.USART_ITConfig    stm32f4xx_usart.o
    0x0802466e   0x00000002   PAD
    0x08024670   0x000000b8   Code   RO         5659    i.USART_Init        stm32f4xx_usart.o
    0x08024728   0x00000060   Code   RO         1021    i.Uart_EmptyRx      t2uart.o
    0x08024788   0x000000a8   Code   RO         1022    i.Uart_Enable       t2uart.o
    0x08024830   0x00000082   Code   RO         1023    i.Uart_FillTx       t2uart.o
    0x080248b2   0x0000001a   Code   RO         1024    i.Uart_Flush        t2uart.o
    0x080248cc   0x00000016   Code   RO         1025    i.Uart_ForwardFullDuplex  t2uart.o
    0x080248e2   0x0000000a   Code   RO         1026    i.Uart_ForwardHalfDuplex  t2uart.o
    0x080248ec   0x00000088   Code   RO         1027    i.Uart_GetLine      t2uart.o
    0x08024974   0x00000024   Code   RO         1028    i.Uart_Open         t2uart.o
    0x08024998   0x0000003e   Code   RO         1029    i.Uart_SendBuffer   t2uart.o
    0x080249d6   0x0000001a   Code   RO         1030    i.Uart_SendMessage  t2uart.o
    0x080249f0   0x00000068   Code   RO         1031    i.Uart_Throttle     t2uart.o
    0x08024a58   0x00000002   Code   RO          264    i.UsageFault_Handler  stm32f4xx_it.o
    0x08024a5a   0x00000002   PAD
    0x08024a5c   0x0000004c   Code   RO         1490    i.WriteLED          t2gpio.o
    0x08024aa8   0x0000001c   Code   RO         6187    i.__0fprintf$8      mc_w.l(printf8.o)
    0x08024ac4   0x00000020   Code   RO         6188    i.__0printf$8       mc_w.l(printf8.o)
    0x08024ae4   0x00000028   Code   RO         6190    i.__0sprintf$8      mc_w.l(printf8.o)
    0x08024b0c   0x00000024   Code   RO            9    i.__outchar         main.o
    0x08024b30   0x0000000e   Code   RO         6302    i.__scatterload_copy  mc_w.l(handlers.o)
    0x08024b3e   0x00000002   Code   RO         6303    i.__scatterload_null  mc_w.l(handlers.o)
    0x08024b40   0x0000000e   Code   RO         6304    i.__scatterload_zeroinit  mc_w.l(handlers.o)
    0x08024b4e   0x00000002   PAD
    0x08024b50   0x00000408   Code   RO         6195    i._printf_core      mc_w.l(printf8.o)
    0x08024f58   0x00000026   Code   RO         6196    i._printf_post_padding  mc_w.l(printf8.o)
    0x08024f7e   0x00000030   Code   RO         6197    i._printf_pre_padding  mc_w.l(printf8.o)
    0x08024fae   0x0000000a   Code   RO         6199    i._sputc            mc_w.l(printf8.o)
    0x08024fb8   0x00000028   Code   RO           14    i.fputc             main.o
    0x08024fe0   0x000000f0   Code   RO         1348    i.hard_fault_handler_c  t2common.o
    0x080250d0   0x000002d4   Code   RO           15    i.main              main.o
    0x080253a4   0x00000032   Code   RO         1349    i.stricmp           t2common.o
    0x080253d6   0x00000044   Code   RO         1350    i.strnicmp          t2common.o
    0x0802541a   0x00000002   PAD
    0x0802541c   0x0000004e   Data   RO           18    .constdata          main.o
    0x0802546a   0x00000002   PAD
    0x0802546c   0x000000ed   Data   RO         1643    .constdata          terminal.o
    0x08025559   0x00000040   Data   RO         6298    .constdata          mc_w.l(ctype_c.o)
    0x08025599   0x00000003   PAD
    0x0802559c   0x00000020   Data   RO         6300    Region$$Table       anon$$obj.o


    Execution Region RW_IRAM1 (Base: 0x20000000, Size: 0x00002878, Max: 0x00020000, ABSOLUTE)

    Base Addr    Size         Type   Attr      Idx    E Section Name        Object

    0x20000000   0x00000004   Data   RW           20    .data               main.o
    0x20000004   0x0000001c   Data   RW           21    .data               main.o
    0x20000020   0x00000004   Data   RW           22    .data               main.o
    0x20000024   0x00000014   Data   RW          728    .data               stm32_t2_sdio_sd.o
    0x20000038   0x0000001c   Data   RW         1353    .data               t2common.o
    0x20000054   0x00000010   Data   RW         4026    .data               stm32f4xx_rcc.o
    0x20000064   0x00001350   Zero   RW           16    .bss                main.o
    0x200013b4   0x00000164   Zero   RW           17    .bss                main.o
    0x20001518   0x00000259   Zero   RW          934    .bss                ringbuffer.o
    0x20001771   0x00000100   Zero   RW         1032    .bss                t2uart.o
    0x20001871   0x00000007   PAD
    0x20001878   0x00001000   Zero   RW         5949    STACK               startup_stm32f40xx.o


==============================================================================

Image component sizes


      Code (inc. data)   RO Data    RW Data    ZI Data      Debug   Object Name

      1138        262          0          0          0       6078   atc.o
      2364       1056         78         36       5300     284862   main.o
       140         26          0          0          0     224301   misc.o
      1280        334          0          0          0       8406   modem.o
      1024        266          0          0          0       6717   network.o
       538          4          0          0        601       6702   ringbuffer.o
       800        180          0          0          0       3759   sms.o
       568        216          0          0          0       3479   socket.o
       128         36        404          0       4096        960   startup_stm32f40xx.o
       112         14          0         20          0       4628   stm32_t2_sdio_sd.o
       216          0          0          0          0       9963   stm32f4xx_gpio.o
        50          6          0          0          0      10364   stm32f4xx_it.o
       204         32          0         16          0      17487   stm32f4xx_rcc.o
        56         16          0          0          0       1744   stm32f4xx_sdio.o
       326         10          0          0          0      10276   stm32f4xx_usart.o
       292         44          0          0          0       1473   system_stm32f4xx.o
       450        178          0         28          0       3520   t2common.o
       204         14          0          0          0       1120   t2gpio.o
      2166         72          0          0        256      10322   t2uart.o
      5784       3288        237          0          0       3845   terminal.o

    ----------------------------------------------------------------------
     17864       6054        753        100      10260     620006   Object Totals
         0          0         32          0          0          0   (incl. Generated)
        24          0          2          0          7          0   (incl. Padding)

    ----------------------------------------------------------------------

      Code (inc. data)   RO Data    RW Data    ZI Data      Debug   Library Member Name

        56          8          0          0          0         84   __0sscanf.o
        28          0          0          0          0         68   _chval.o
       812          6          0          0          0        112   _scanf.o
       336          0          0          0          0         96   _scanf_int.o
       218          0          0          0          0         96   _scanf_str.o
        64          0          0          0          0         84   _sgetc.o
        40          6         64          0          0         68   ctype_c.o
         0          0          0          0          0          0   entry.o
         0          0          0          0          0          0   entry10a.o
         0          0          0          0          0          0   entry11a.o
         8          4          0          0          0          0   entry2.o
         4          0          0          0          0          0   entry5.o
         0          0          0          0          0          0   entry7b.o
         0          0          0          0          0          0   entry8b.o
         8          4          0          0          0          0   entry9a.o
        30          0          0          0          0          0   handlers.o
        36          8          0          0          0         68   init.o
        10          0          0          0          0         68   isspace_c.o
        30          0          0          0          0         68   llshl.o
        32          0          0          0          0         68   llushr.o
        36          0          0          0          0         68   memcpya.o
        36          0          0          0          0        108   memseta.o
      1228         66          0          0          0        588   printf8.o
        40          8          0          0          0         84   scanf_char.o
        18          0          0          0          0         68   strcpy.o
        14          0          0          0          0         68   strlen.o
        30          0          0          0          0         80   strncmp.o
        36          0          0          0          0         80   strstr.o
        12          0          0          0          0         68   toupper.o
        98          0          0          0          0         92   uldiv.o

    ----------------------------------------------------------------------
      3264        110         67          0          0       2184   Library Totals
         4          0          3          0          0          0   (incl. Padding)

    ----------------------------------------------------------------------

      Code (inc. data)   RO Data    RW Data    ZI Data      Debug   Library Name

      3260        110         64          0          0       2184   mc_w.l

    ----------------------------------------------------------------------
      3264        110         67          0          0       2184   Library Totals

    ----------------------------------------------------------------------

==============================================================================


      Code (inc. data)   RO Data    RW Data    ZI Data      Debug   

     21128       6164        820        100      10260     609646   Grand Totals
     21128       6164        820        100      10260     609646   ELF Image Totals
     21128       6164        820        100          0          0   ROM Totals

==============================================================================

    Total RO  Size (Code + RO Data)                21948 (  21.43kB)
    Total RW  Size (RW Data + ZI Data)             10360 (  10.12kB)
    Total ROM Size (Code + RO Data + RW Data)      22048 (  21.53kB)

==============================================================================

